ARM Linker, 5.03 [Build 76] [MDK-ARM Lite]

==============================================================================

Section Cross References

    arm_startup_nrf51.o(STACK) refers (Special) to heapauxi.o(.text) for __use_two_region_memory
    arm_startup_nrf51.o(HEAP) refers (Special) to heapauxi.o(.text) for __use_two_region_memory
    arm_startup_nrf51.o(RESET) refers (Special) to heapauxi.o(.text) for __use_two_region_memory
    arm_startup_nrf51.o(RESET) refers to arm_startup_nrf51.o(STACK) for __initial_sp
    arm_startup_nrf51.o(RESET) refers to arm_startup_nrf51.o(.text) for Reset_Handler
    arm_startup_nrf51.o(RESET) refers to app_timer.o(.text) for RTC1_IRQHandler
    arm_startup_nrf51.o(RESET) refers to softdevice_handler.o(.text) for SWI2_IRQHandler
    arm_startup_nrf51.o(.text) refers (Special) to heapauxi.o(.text) for __use_two_region_memory
    arm_startup_nrf51.o(.text) refers to system_nrf51.o(.text) for SystemInit
    arm_startup_nrf51.o(.text) refers to __main.o(!!!main) for __main
    arm_startup_nrf51.o(.text) refers to arm_startup_nrf51.o(HEAP) for Heap_Mem
    arm_startup_nrf51.o(.text) refers to arm_startup_nrf51.o(STACK) for Stack_Mem
    system_nrf51.o(.text) refers to system_nrf51.o(.data) for SystemCoreClock
    main.o(.text) refers to ble_bas.o(.text) for ble_bas_battery_level_update
    main.o(.text) refers to ble_sensorsim.o(.text) for ble_sensorsim_measure
    main.o(.text) refers to ble_hrs.o(.text) for ble_hrs_heart_rate_measurement_send
    main.o(.text) refers to aeabi_sdiv.o(.text) for __aeabi_uidivmod
    main.o(.text) refers to app_timer.o(.text) for app_timer_init
    main.o(.text) refers to rt_memclr.o(.text) for __aeabi_memclr4
    main.o(.text) refers to ble_advdata.o(.text) for ble_advdata_set
    main.o(.text) refers to main.o(.bss) for m_bas
    main.o(.text) refers to main.o(.data) for m_heart_rate_sim_state
    main.o(.text) refers to main.o(.constdata) for .constdata
    main.o(.text) refers to ble_srv_common.o(.text) for ble_srv_ascii_to_utf8
    main.o(.text) refers to ble_dis.o(.text) for ble_dis_init
    main.o(.text) refers to ble_conn_params.o(.text) for ble_conn_params_init
    main.o(.text) refers to ble_bondmngr.o(.text) for ble_bondmngr_bonded_centrals_store
    main.o(.text) refers to pstorage.o(.text) for pstorage_sys_event_handler
    main.o(.text) refers to softdevice_handler.o(.text) for softdevice_handler_init
    ble_dis.o(.text) refers to main.o(.text) for app_error_handler
    ble_dis.o(.text) refers to rt_memclr.o(.text) for __aeabi_memclr4
    ble_dis.o(.text) refers to ble_dis.o(.data) for service_handle
    ble_bas.o(.text) refers to rt_memclr.o(.text) for __aeabi_memclr4
    ble_bas.o(.text) refers to ble_srv_common.o(.text) for ble_srv_report_ref_encode
    ble_hrs.o(.text) refers to rt_memmove.o(.text) for __aeabi_memmove
    ble_hrs.o(.text) refers to rt_memclr.o(.text) for __aeabi_memclr4
    ble_error_log.o(.text) refers to rt_memcpy.o(.emb_text) for __aeabi_memcpy4
    ble_error_log.o(.text) refers to strncpy.o(.text) for strncpy
    ble_error_log.o(.text) refers to arm_startup_nrf51.o(RESET) for __Vectors
    ble_error_log.o(.text) refers to ble_error_log.o(.bss) for m_ble_error_log
    ble_advdata.o(.text) refers to rt_memcpy.o(.text) for __aeabi_memcpy
    ble_srv_common.o(.text) refers to main.o(.text) for app_error_handler
    ble_srv_common.o(.text) refers to strlen.o(.text) for strlen
    app_timer.o(.text) refers to app_timer.o(.emb_text) for __asm___11_app_timer_c_cd27f9c3__nrf_delay_us
    app_timer.o(.text) refers to main.o(.text) for app_error_handler
    app_timer.o(.text) refers to app_timer.o(.data) for mp_nodes
    softdevice_handler.o(.text) refers to main.o(.text) for assert_nrf_callback
    softdevice_handler.o(.text) refers to softdevice_handler.o(.data) for m_softdevice_enabled
    ble_conn_params.o(.text) refers to rt_memcpy.o(.emb_text) for __aeabi_memcpy4
    ble_conn_params.o(.text) refers to rt_memcpy.o(.text) for __aeabi_memcpy
    ble_conn_params.o(.text) refers to app_timer.o(.text) for app_timer_create
    ble_conn_params.o(.text) refers to ble_conn_params.o(.data) for m_preferred_conn_params
    ble_conn_params.o(.text) refers to ble_conn_params.o(.bss) for m_conn_params_config
    ble_bondmngr.o(.text) refers to crc16.o(.text) for crc16_compute
    ble_bondmngr.o(.text) refers to pstorage.o(.text) for pstorage_block_identifier_get
    ble_bondmngr.o(.text) refers to ble_bondmngr.o(.data) for m_bond_info_in_flash_count
    ble_bondmngr.o(.text) refers to ble_bondmngr.o(.bss) for m_bond_crc_array
    ble_bondmngr.o(.text) refers to rt_memcpy.o(.text) for __aeabi_memcpy
    ble_bondmngr.o(.text) refers to rt_memcpy.o(.emb_text) for __aeabi_memcpy4
    ble_bondmngr.o(.text) refers to memcmp.o(.text) for memcmp
    ble_bondmngr.o(.text) refers to rt_memclr.o(.text) for __aeabi_memclr4
    pstorage.o(.text) refers to aeabi_sdiv.o(.text) for __aeabi_uidivmod
    pstorage.o(.text) refers to pstorage.o(.bss) for m_cmd_queue
    pstorage.o(.text) refers to pstorage.o(.data) for m_round_val
    pstorage.o(.text) refers to rt_memcpy.o(.text) for __aeabi_memcpy
    ble_debug_assert_handler.o(.text) refers to strncpy.o(.text) for strncpy
    ble_debug_assert_handler.o(.text) refers to ble_debug_assert_handler.o(.bss) for s_file_name
    ble_debug_assert_handler.o(.text) refers to ble_debug_assert_handler.o(.data) for s_line_num
    rt_memcpy.o(.text) refers to rt_memcpy.o(.emb_text) for __aeabi_memcpy4
    rt_memmove.o(.text) refers to rt_memcpy.o(.emb_text) for __aeabi_memcpy4
    rt_memmove.o(.text) refers to rt_memcpy.o(.text) for __aeabi_memcpy
    strncpy.o(.text) refers to rt_memclr.o(.text) for __rt_memclr
    __main.o(!!!main) refers to rtentry.o(.ARM.Collect$$rtentry$$00000000) for __rt_entry
    rtentry.o(.ARM.Collect$$rtentry$$00000000) refers (Special) to rtentry2.o(.ARM.Collect$$rtentry$$0000000A) for __rt_entry_li
    rtentry.o(.ARM.Collect$$rtentry$$00000000) refers (Special) to rtentry2.o(.ARM.Collect$$rtentry$$0000000D) for __rt_entry_main
    rtentry.o(.ARM.Collect$$rtentry$$00000000) refers (Special) to rtentry2.o(.ARM.Collect$$rtentry$$0000000C) for __rt_entry_postli_1
    rtentry.o(.ARM.Collect$$rtentry$$00000000) refers (Special) to rtentry2.o(.ARM.Collect$$rtentry$$00000009) for __rt_entry_postsh_1
    rtentry.o(.ARM.Collect$$rtentry$$00000000) refers (Special) to rtentry2.o(.ARM.Collect$$rtentry$$00000002) for __rt_entry_presh_1
    rtentry.o(.ARM.Collect$$rtentry$$00000000) refers (Special) to rtentry4.o(.ARM.Collect$$rtentry$$00000004) for __rt_entry_sh
    aeabi_idiv0_sigfpe.o(.text) refers to rt_div0.o(.text) for __rt_div0
    rtentry2.o(.ARM.Collect$$rtentry$$00000008) refers to boardinit2.o(.text) for _platform_post_stackheap_init
    rtentry2.o(.ARM.Collect$$rtentry$$0000000A) refers to libinit.o(.ARM.Collect$$libinit$$00000000) for __rt_lib_init
    rtentry2.o(.ARM.Collect$$rtentry$$0000000B) refers to boardinit3.o(.text) for _platform_post_lib_init
    rtentry2.o(.ARM.Collect$$rtentry$$0000000D) refers to main.o(.text) for main
    rtentry2.o(.ARM.Collect$$rtentry$$0000000D) refers to exit.o(.text) for exit
    rtentry2.o(.ARM.exidx) refers to rtentry2.o(.ARM.Collect$$rtentry$$00000001) for .ARM.Collect$$rtentry$$00000001
    rtentry2.o(.ARM.exidx) refers to rtentry2.o(.ARM.Collect$$rtentry$$00000008) for .ARM.Collect$$rtentry$$00000008
    rtentry2.o(.ARM.exidx) refers to rtentry2.o(.ARM.Collect$$rtentry$$0000000A) for .ARM.Collect$$rtentry$$0000000A
    rtentry2.o(.ARM.exidx) refers to rtentry2.o(.ARM.Collect$$rtentry$$0000000B) for .ARM.Collect$$rtentry$$0000000B
    rtentry2.o(.ARM.exidx) refers to rtentry2.o(.ARM.Collect$$rtentry$$0000000D) for .ARM.Collect$$rtentry$$0000000D
    rtentry4.o(.ARM.Collect$$rtentry$$00000004) refers to sys_stackheap_outer.o(.text) for __user_setup_stackheap
    rtentry4.o(.ARM.exidx) refers to rtentry4.o(.ARM.Collect$$rtentry$$00000004) for .ARM.Collect$$rtentry$$00000004
    rt_div0.o(.text) refers to defsig_fpe_outer.o(.text) for __rt_SIGFPE
    sys_stackheap_outer.o(.text) refers to libspace.o(.text) for __user_perproc_libspace
    sys_stackheap_outer.o(.text) refers to arm_startup_nrf51.o(.text) for __user_initial_stackheap
    sys_stackheap_outer.o(__vectab_stack_and_reset_area) refers to tempstk.o(.text) for __temporary_stack_top
    sys_stackheap_outer.o(__vectab_stack_and_reset_area) refers to __main.o(!!!main) for __main
    exit.o(.text) refers to rtexit.o(.ARM.Collect$$rtexit$$00000000) for __rt_exit
    defsig_fpe_outer.o(.text) refers to defsig_fpe_inner.o(.text) for __rt_SIGFPE_inner
    defsig_fpe_outer.o(.text) refers to defsig_exit.o(.text) for __sig_exit
    defsig_fpe_formal.o(.text) refers to rt_raise.o(.text) for __rt_raise
    libinit.o(.ARM.Collect$$libinit$$00000000) refers (Special) to libinit2.o(.ARM.Collect$$libinit$$0000002C) for __rt_lib_init_alloca_1
    libinit.o(.ARM.Collect$$libinit$$00000000) refers (Special) to libinit2.o(.ARM.Collect$$libinit$$0000002A) for __rt_lib_init_argv_1
    libinit.o(.ARM.Collect$$libinit$$00000000) refers (Special) to libinit2.o(.ARM.Collect$$libinit$$00000019) for __rt_lib_init_atexit_1
    libinit.o(.ARM.Collect$$libinit$$00000000) refers (Special) to libinit2.o(.ARM.Collect$$libinit$$0000001F) for __rt_lib_init_clock_1
    libinit.o(.ARM.Collect$$libinit$$00000000) refers (Special) to libinit2.o(.ARM.Collect$$libinit$$00000030) for __rt_lib_init_cpp_1
    libinit.o(.ARM.Collect$$libinit$$00000000) refers (Special) to libinit2.o(.ARM.Collect$$libinit$$0000002E) for __rt_lib_init_exceptions_1
    libinit.o(.ARM.Collect$$libinit$$00000000) refers (Special) to libinit2.o(.ARM.Collect$$libinit$$00000001) for __rt_lib_init_fp_1
    libinit.o(.ARM.Collect$$libinit$$00000000) refers (Special) to libinit2.o(.ARM.Collect$$libinit$$0000001D) for __rt_lib_init_fp_trap_1
    libinit.o(.ARM.Collect$$libinit$$00000000) refers (Special) to libinit2.o(.ARM.Collect$$libinit$$00000021) for __rt_lib_init_getenv_1
    libinit.o(.ARM.Collect$$libinit$$00000000) refers (Special) to libinit2.o(.ARM.Collect$$libinit$$00000008) for __rt_lib_init_heap_1
    libinit.o(.ARM.Collect$$libinit$$00000000) refers (Special) to libinit2.o(.ARM.Collect$$libinit$$0000000F) for __rt_lib_init_lc_collate_1
    libinit.o(.ARM.Collect$$libinit$$00000000) refers (Special) to libinit2.o(.ARM.Collect$$libinit$$00000011) for __rt_lib_init_lc_ctype_1
    libinit.o(.ARM.Collect$$libinit$$00000000) refers (Special) to libinit2.o(.ARM.Collect$$libinit$$00000013) for __rt_lib_init_lc_monetary_1
    libinit.o(.ARM.Collect$$libinit$$00000000) refers (Special) to libinit2.o(.ARM.Collect$$libinit$$00000015) for __rt_lib_init_lc_numeric_1
    libinit.o(.ARM.Collect$$libinit$$00000000) refers (Special) to libinit2.o(.ARM.Collect$$libinit$$00000017) for __rt_lib_init_lc_time_1
    libinit.o(.ARM.Collect$$libinit$$00000000) refers (Special) to libinit2.o(.ARM.Collect$$libinit$$0000000C) for __rt_lib_init_rand_1
    libinit.o(.ARM.Collect$$libinit$$00000000) refers (Special) to libinit2.o(.ARM.Collect$$libinit$$00000031) for __rt_lib_init_return
    libinit.o(.ARM.Collect$$libinit$$00000000) refers (Special) to libinit2.o(.ARM.Collect$$libinit$$0000001B) for __rt_lib_init_signal_1
    libinit.o(.ARM.Collect$$libinit$$00000000) refers (Special) to libinit2.o(.ARM.Collect$$libinit$$00000023) for __rt_lib_init_stdio_1
    libinit.o(.ARM.Collect$$libinit$$00000000) refers (Special) to libinit2.o(.ARM.Collect$$libinit$$0000000A) for __rt_lib_init_user_alloc_1
    libspace.o(.text) refers to libspace.o(.bss) for __libspace_start
    rtexit.o(.ARM.Collect$$rtexit$$00000000) refers (Special) to rtexit2.o(.ARM.Collect$$rtexit$$00000004) for __rt_exit_exit
    rtexit.o(.ARM.Collect$$rtexit$$00000000) refers (Special) to rtexit2.o(.ARM.Collect$$rtexit$$00000003) for __rt_exit_ls
    rtexit.o(.ARM.Collect$$rtexit$$00000000) refers (Special) to rtexit2.o(.ARM.Collect$$rtexit$$00000002) for __rt_exit_prels_1
    rtexit.o(.ARM.exidx) refers (Special) to rtexit2.o(.ARM.Collect$$rtexit$$00000004) for __rt_exit_exit
    rtexit.o(.ARM.exidx) refers (Special) to rtexit2.o(.ARM.Collect$$rtexit$$00000003) for __rt_exit_ls
    rtexit.o(.ARM.exidx) refers (Special) to rtexit2.o(.ARM.Collect$$rtexit$$00000002) for __rt_exit_prels_1
    rtexit.o(.ARM.exidx) refers to rtexit.o(.ARM.Collect$$rtexit$$00000000) for .ARM.Collect$$rtexit$$00000000
    rt_raise.o(.text) refers to __raise.o(.text) for __raise
    rt_raise.o(.text) refers to sys_exit.o(.text) for _sys_exit
    defsig_exit.o(.text) refers to sys_exit.o(.text) for _sys_exit
    defsig_fpe_inner.o(.text) refers to defsig_general.o(.text) for __default_signal_display
    libinit2.o(.ARM.Collect$$libinit$$0000000E) refers to libinit2.o(.ARM.Collect$$libinit$$0000000D) for .ARM.Collect$$libinit$$0000000D
    libinit2.o(.ARM.Collect$$libinit$$00000010) refers to libinit2.o(.ARM.Collect$$libinit$$0000000D) for .ARM.Collect$$libinit$$0000000D
    libinit2.o(.ARM.Collect$$libinit$$00000012) refers to libinit2.o(.ARM.Collect$$libinit$$0000000D) for .ARM.Collect$$libinit$$0000000D
    libinit2.o(.ARM.Collect$$libinit$$00000014) refers to libinit2.o(.ARM.Collect$$libinit$$0000000D) for .ARM.Collect$$libinit$$0000000D
    libinit2.o(.ARM.Collect$$libinit$$00000016) refers to libinit2.o(.ARM.Collect$$libinit$$0000000D) for .ARM.Collect$$libinit$$0000000D
    libinit2.o(.ARM.Collect$$libinit$$00000024) refers to argv_veneer.o(.text) for __ARM_argv_veneer
    libinit2.o(.ARM.Collect$$libinit$$00000025) refers to argv_veneer.o(.text) for __ARM_argv_veneer
    sys_exit.o(.text) refers (Special) to use_no_semi.o(.text) for __I$use$semihosting
    sys_exit.o(.text) refers (Special) to indicate_semi.o(.text) for __semihosting_library_function
    rtexit2.o(.ARM.Collect$$rtexit$$00000003) refers to libshutdown.o(.ARM.Collect$$libshutdown$$00000000) for __rt_lib_shutdown
    rtexit2.o(.ARM.Collect$$rtexit$$00000004) refers to sys_exit.o(.text) for _sys_exit
    rtexit2.o(.ARM.exidx) refers to rtexit2.o(.ARM.Collect$$rtexit$$00000001) for .ARM.Collect$$rtexit$$00000001
    rtexit2.o(.ARM.exidx) refers to rtexit2.o(.ARM.Collect$$rtexit$$00000003) for .ARM.Collect$$rtexit$$00000003
    rtexit2.o(.ARM.exidx) refers to rtexit2.o(.ARM.Collect$$rtexit$$00000004) for .ARM.Collect$$rtexit$$00000004
    __raise.o(.text) refers to defsig.o(CL$$defsig) for __default_signal_handler
    defsig_general.o(.text) refers to sys_wrch.o(.text) for _ttywrch
    sys_wrch.o(.text) refers (Special) to use_no_semi.o(.text) for __I$use$semihosting
    sys_wrch.o(.text) refers (Special) to indicate_semi.o(.text) for __semihosting_library_function
    defsig.o(CL$$defsig) refers to defsig_fpe_inner.o(.text) for __rt_SIGFPE_inner
    defsig.o(CL$$defsig) refers to defsig_rtmem_inner.o(.text) for __rt_SIGRTMEM_inner
    _get_argv_nomalloc.o(.text) refers (Special) to hrguard.o(.text) for __heap_region$guard
    _get_argv_nomalloc.o(.text) refers to defsig_rtmem_outer.o(.text) for __rt_SIGRTMEM
    _get_argv_nomalloc.o(.text) refers to sys_command.o(.text) for _sys_command_string
    libshutdown.o(.ARM.Collect$$libshutdown$$00000000) refers (Special) to libshutdown2.o(.ARM.Collect$$libshutdown$$00000006) for __rt_lib_shutdown_fp_trap_1
    libshutdown.o(.ARM.Collect$$libshutdown$$00000000) refers (Special) to libshutdown2.o(.ARM.Collect$$libshutdown$$0000000E) for __rt_lib_shutdown_heap_1
    libshutdown.o(.ARM.Collect$$libshutdown$$00000000) refers (Special) to libshutdown2.o(.ARM.Collect$$libshutdown$$0000000F) for __rt_lib_shutdown_return
    libshutdown.o(.ARM.Collect$$libshutdown$$00000000) refers (Special) to libshutdown2.o(.ARM.Collect$$libshutdown$$00000009) for __rt_lib_shutdown_signal_1
    libshutdown.o(.ARM.Collect$$libshutdown$$00000000) refers (Special) to libshutdown2.o(.ARM.Collect$$libshutdown$$00000003) for __rt_lib_shutdown_stdio_1
    libshutdown.o(.ARM.Collect$$libshutdown$$00000000) refers (Special) to libshutdown2.o(.ARM.Collect$$libshutdown$$0000000B) for __rt_lib_shutdown_user_alloc_1
    sys_command.o(.text) refers (Special) to use_no_semi.o(.text) for __I$use$semihosting
    sys_command.o(.text) refers (Special) to indicate_semi.o(.text) for __semihosting_library_function
    defsig_abrt_inner.o(.text) refers to defsig_general.o(.text) for __default_signal_display
    defsig_rtred_inner.o(.text) refers to defsig_general.o(.text) for __default_signal_display
    defsig_rtmem_inner.o(.text) refers to defsig_general.o(.text) for __default_signal_display
    defsig_rtmem_outer.o(.text) refers to defsig_rtmem_inner.o(.text) for __rt_SIGRTMEM_inner
    defsig_rtmem_outer.o(.text) refers to defsig_exit.o(.text) for __sig_exit
    defsig_rtmem_formal.o(.text) refers to rt_raise.o(.text) for __rt_raise
    defsig_stak_inner.o(.text) refers to defsig_general.o(.text) for __default_signal_display
    defsig_pvfn_inner.o(.text) refers to defsig_general.o(.text) for __default_signal_display
    defsig_cppl_inner.o(.text) refers to defsig_general.o(.text) for __default_signal_display
    defsig_segv_inner.o(.text) refers to defsig_general.o(.text) for __default_signal_display
    defsig_other.o(.text) refers to defsig_general.o(.text) for __default_signal_display


==============================================================================

Removing Unused input sections from the image.

    Removing system_nrf51.o(.rev16_text), (4 bytes).
    Removing system_nrf51.o(.revsh_text), (4 bytes).
    Removing main.o(.rev16_text), (4 bytes).
    Removing main.o(.revsh_text), (4 bytes).
    Removing ble_dis.o(.rev16_text), (4 bytes).
    Removing ble_dis.o(.revsh_text), (4 bytes).
    Removing ble_bas.o(.rev16_text), (4 bytes).
    Removing ble_bas.o(.revsh_text), (4 bytes).
    Removing ble_hrs.o(.rev16_text), (4 bytes).
    Removing ble_hrs.o(.revsh_text), (4 bytes).
    Removing ble_error_log.o(.rev16_text), (4 bytes).
    Removing ble_error_log.o(.revsh_text), (4 bytes).
    Removing ble_error_log.o(.text), (96 bytes).
    Removing ble_error_log.o(.bss), (392 bytes).
    Removing ble_advdata.o(.rev16_text), (4 bytes).
    Removing ble_advdata.o(.revsh_text), (4 bytes).
    Removing ble_srv_common.o(.rev16_text), (4 bytes).
    Removing ble_srv_common.o(.revsh_text), (4 bytes).
    Removing app_timer.o(.rev16_text), (4 bytes).
    Removing app_timer.o(.revsh_text), (4 bytes).
    Removing softdevice_handler.o(.rev16_text), (4 bytes).
    Removing softdevice_handler.o(.revsh_text), (4 bytes).
    Removing ble_conn_params.o(.rev16_text), (4 bytes).
    Removing ble_conn_params.o(.revsh_text), (4 bytes).
    Removing ble_bondmngr.o(.rev16_text), (4 bytes).
    Removing ble_bondmngr.o(.revsh_text), (4 bytes).
    Removing pstorage.o(.rev16_text), (4 bytes).
    Removing pstorage.o(.revsh_text), (4 bytes).
    Removing ble_debug_assert_handler.o(.rev16_text), (4 bytes).
    Removing ble_debug_assert_handler.o(.revsh_text), (4 bytes).
    Removing ble_debug_assert_handler.o(.text), (60 bytes).
    Removing ble_debug_assert_handler.o(.bss), (128 bytes).
    Removing ble_debug_assert_handler.o(.data), (8 bytes).

33 unused section(s) (total 796 bytes) removed from the image.

==============================================================================

Image Symbol Table

    Local Symbols

    Symbol Name                              Value     Ov Type        Size  Object(Section)

    ../clib/angel/boardlib.s                 0x00000000   Number         0  boardinit3.o ABSOLUTE
    ../clib/angel/boardlib.s                 0x00000000   Number         0  boardinit2.o ABSOLUTE
    ../clib/angel/boardlib.s                 0x00000000   Number         0  boardinit1.o ABSOLUTE
    ../clib/angel/boardlib.s                 0x00000000   Number         0  boardshut.o ABSOLUTE
    ../clib/angel/handlers.s                 0x00000000   Number         0  __scatter_copy.o ABSOLUTE
    ../clib/angel/handlers.s                 0x00000000   Number         0  __scatter_zi.o ABSOLUTE
    ../clib/angel/kernel.s                   0x00000000   Number         0  rtentry4.o ABSOLUTE
    ../clib/angel/kernel.s                   0x00000000   Number         0  rtexit.o ABSOLUTE
    ../clib/angel/kernel.s                   0x00000000   Number         0  rtexit2.o ABSOLUTE
    ../clib/angel/kernel.s                   0x00000000   Number         0  rtentry2.o ABSOLUTE
    ../clib/angel/kernel.s                   0x00000000   Number         0  rtentry.o ABSOLUTE
    ../clib/angel/rt.s                       0x00000000   Number         0  rt_raise.o ABSOLUTE
    ../clib/angel/rt.s                       0x00000000   Number         0  rt_div0.o ABSOLUTE
    ../clib/angel/rt.s                       0x00000000   Number         0  aeabi_idiv0_sigfpe.o ABSOLUTE
    ../clib/angel/rt.s                       0x00000000   Number         0  aeabi_idiv0.o ABSOLUTE
    ../clib/angel/scatterp.s                 0x00000000   Number         0  __scatter.o ABSOLUTE
    ../clib/angel/startup.s                  0x00000000   Number         0  __main.o ABSOLUTE
    ../clib/angel/sys.s                      0x00000000   Number         0  use_no_semi.o ABSOLUTE
    ../clib/angel/sys.s                      0x00000000   Number         0  indicate_semi.o ABSOLUTE
    ../clib/angel/sys.s                      0x00000000   Number         0  sys_stackheap_outer.o ABSOLUTE
    ../clib/angel/sys.s                      0x00000000   Number         0  libspace.o ABSOLUTE
    ../clib/angel/sys.s                      0x00000000   Number         0  tempstk.o ABSOLUTE
    ../clib/angel/sysapp.c                   0x00000000   Number         0  sys_exit.o ABSOLUTE
    ../clib/angel/sysapp.c                   0x00000000   Number         0  sys_wrch.o ABSOLUTE
    ../clib/angel/sysapp.c                   0x00000000   Number         0  sys_command.o ABSOLUTE
    ../clib/armsys.c                         0x00000000   Number         0  no_argv.o ABSOLUTE
    ../clib/armsys.c                         0x00000000   Number         0  _get_argv_nomalloc.o ABSOLUTE
    ../clib/armsys.c                         0x00000000   Number         0  argv_veneer.o ABSOLUTE
    ../clib/division.s                       0x00000000   Number         0  aeabi_sdiv_div0.o ABSOLUTE
    ../clib/division.s                       0x00000000   Number         0  aeabi_sdiv.o ABSOLUTE
    ../clib/heapalloc.c                      0x00000000   Number         0  hrguard.o ABSOLUTE
    ../clib/heapaux.c                        0x00000000   Number         0  heapauxi.o ABSOLUTE
    ../clib/libinit.s                        0x00000000   Number         0  libinit.o ABSOLUTE
    ../clib/libinit.s                        0x00000000   Number         0  libshutdown2.o ABSOLUTE
    ../clib/libinit.s                        0x00000000   Number         0  libinit2.o ABSOLUTE
    ../clib/libinit.s                        0x00000000   Number         0  libshutdown.o ABSOLUTE
    ../clib/memcpset.c                       0x00000000   Number         0  rt_memmove.o ABSOLUTE
    ../clib/memcpset.c                       0x00000000   Number         0  rt_memcpy.o ABSOLUTE
    ../clib/memcpset.c                       0x00000000   Number         0  rt_memcpy.o ABSOLUTE
    ../clib/memcpset.c                       0x00000000   Number         0  rt_memclr.o ABSOLUTE
    ../clib/signal.c                         0x00000000   Number         0  defsig_cppl_inner.o ABSOLUTE
    ../clib/signal.c                         0x00000000   Number         0  __raise.o ABSOLUTE
    ../clib/signal.c                         0x00000000   Number         0  defsig_fpe_formal.o ABSOLUTE
    ../clib/signal.c                         0x00000000   Number         0  defsig_fpe_outer.o ABSOLUTE
    ../clib/signal.c                         0x00000000   Number         0  defsig_pvfn_inner.o ABSOLUTE
    ../clib/signal.c                         0x00000000   Number         0  defsig_rtmem_inner.o ABSOLUTE
    ../clib/signal.c                         0x00000000   Number         0  defsig_rtmem_outer.o ABSOLUTE
    ../clib/signal.c                         0x00000000   Number         0  defsig_rtmem_formal.o ABSOLUTE
    ../clib/signal.c                         0x00000000   Number         0  defsig_stak_inner.o ABSOLUTE
    ../clib/signal.c                         0x00000000   Number         0  defsig_general.o ABSOLUTE
    ../clib/signal.c                         0x00000000   Number         0  defsig_abrt_inner.o ABSOLUTE
    ../clib/signal.c                         0x00000000   Number         0  defsig_exit.o ABSOLUTE
    ../clib/signal.c                         0x00000000   Number         0  defsig_fpe_inner.o ABSOLUTE
    ../clib/signal.c                         0x00000000   Number         0  defsig_segv_inner.o ABSOLUTE
    ../clib/signal.c                         0x00000000   Number         0  defsig_rtred_inner.o ABSOLUTE
    ../clib/signal.c                         0x00000000   Number         0  defsig_other.o ABSOLUTE
    ../clib/signal.s                         0x00000000   Number         0  defsig.o ABSOLUTE
    ../clib/stdlib.c                         0x00000000   Number         0  exit.o ABSOLUTE
    ../clib/string.c                         0x00000000   Number         0  strlen.o ABSOLUTE
    ../clib/string.c                         0x00000000   Number         0  memcmp.o ABSOLUTE
    ../clib/string.c                         0x00000000   Number         0  strncpy.o ABSOLUTE
    ../fplib/cfplib/fpinit.c                 0x00000000   Number         0  fpinit.o ABSOLUTE
    ..\..\..\..\..\Source\app_common\app_timer.c 0x00000000   Number         0  app_timer.o ABSOLUTE
    ..\..\..\..\..\Source\app_common\crc16.c 0x00000000   Number         0  crc16.o ABSOLUTE
    ..\..\..\..\..\Source\app_common\pstorage.c 0x00000000   Number         0  pstorage.o ABSOLUTE
    ..\..\..\..\..\Source\ble\ble_advdata.c  0x00000000   Number         0  ble_advdata.o ABSOLUTE
    ..\..\..\..\..\Source\ble\ble_bondmngr.c 0x00000000   Number         0  ble_bondmngr.o ABSOLUTE
    ..\..\..\..\..\Source\ble\ble_conn_params.c 0x00000000   Number         0  ble_conn_params.o ABSOLUTE
    ..\..\..\..\..\Source\ble\ble_debug_assert_handler.c 0x00000000   Number         0  ble_debug_assert_handler.o ABSOLUTE
    ..\..\..\..\..\Source\ble\ble_error_log.c 0x00000000   Number         0  ble_error_log.o ABSOLUTE
    ..\..\..\..\..\Source\ble\ble_sensorsim.c 0x00000000   Number         0  ble_sensorsim.o ABSOLUTE
    ..\..\..\..\..\Source\ble\ble_services\ble_bas.c 0x00000000   Number         0  ble_bas.o ABSOLUTE
    ..\..\..\..\..\Source\ble\ble_services\ble_dis.c 0x00000000   Number         0  ble_dis.o ABSOLUTE
    ..\..\..\..\..\Source\ble\ble_services\ble_hrs.c 0x00000000   Number         0  ble_hrs.o ABSOLUTE
    ..\..\..\..\..\Source\ble\ble_services\ble_srv_common.c 0x00000000   Number         0  ble_srv_common.o ABSOLUTE
    ..\..\..\..\..\Source\sd_common\softdevice_handler.c 0x00000000   Number         0  softdevice_handler.o ABSOLUTE
    ..\..\..\..\..\Source\templates\arm\arm_startup_nrf51.s 0x00000000   Number         0  arm_startup_nrf51.o ABSOLUTE
    ..\..\..\..\..\Source\templates\system_nrf51.c 0x00000000   Number         0  system_nrf51.o ABSOLUTE
    ..\\..\\..\\..\\..\\Source\\app_common\\app_timer.c 0x00000000   Number         0  app_timer.o ABSOLUTE
    ..\\..\\..\\..\\..\\Source\\app_common\\pstorage.c 0x00000000   Number         0  pstorage.o ABSOLUTE
    ..\\..\\..\\..\\..\\Source\\ble\\ble_advdata.c 0x00000000   Number         0  ble_advdata.o ABSOLUTE
    ..\\..\\..\\..\\..\\Source\\ble\\ble_bondmngr.c 0x00000000   Number         0  ble_bondmngr.o ABSOLUTE
    ..\\..\\..\\..\\..\\Source\\ble\\ble_conn_params.c 0x00000000   Number         0  ble_conn_params.o ABSOLUTE
    ..\\..\\..\\..\\..\\Source\\ble\\ble_debug_assert_handler.c 0x00000000   Number         0  ble_debug_assert_handler.o ABSOLUTE
    ..\\..\\..\\..\\..\\Source\\ble\\ble_error_log.c 0x00000000   Number         0  ble_error_log.o ABSOLUTE
    ..\\..\\..\\..\\..\\Source\\ble\\ble_services\\ble_bas.c 0x00000000   Number         0  ble_bas.o ABSOLUTE
    ..\\..\\..\\..\\..\\Source\\ble\\ble_services\\ble_dis.c 0x00000000   Number         0  ble_dis.o ABSOLUTE
    ..\\..\\..\\..\\..\\Source\\ble\\ble_services\\ble_hrs.c 0x00000000   Number         0  ble_hrs.o ABSOLUTE
    ..\\..\\..\\..\\..\\Source\\ble\\ble_services\\ble_srv_common.c 0x00000000   Number         0  ble_srv_common.o ABSOLUTE
    ..\\..\\..\\..\\..\\Source\\sd_common\\softdevice_handler.c 0x00000000   Number         0  softdevice_handler.o ABSOLUTE
    ..\\..\\..\\..\\..\\Source\\templates\\system_nrf51.c 0x00000000   Number         0  system_nrf51.o ABSOLUTE
    ..\\main.c                               0x00000000   Number         0  main.o ABSOLUTE
    ..\main.c                                0x00000000   Number         0  main.o ABSOLUTE
    dc.s                                     0x00000000   Number         0  dc.o ABSOLUTE
    RESET                                    0x00014000   Section      192  arm_startup_nrf51.o(RESET)
    !!!main                                  0x000140c0   Section        8  __main.o(!!!main)
    !!!scatter                               0x000140c8   Section       60  __scatter.o(!!!scatter)
    !!handler_copy                           0x00014104   Section       26  __scatter_copy.o(!!handler_copy)
    !!handler_zi                             0x00014120   Section       28  __scatter_zi.o(!!handler_zi)
    .ARM.Collect$$libinit$$00000000          0x0001413c   Section        2  libinit.o(.ARM.Collect$$libinit$$00000000)
    .ARM.Collect$$libinit$$00000001          0x0001413e   Section        4  libinit2.o(.ARM.Collect$$libinit$$00000001)
    .ARM.Collect$$libinit$$00000008          0x00014142   Section        0  libinit2.o(.ARM.Collect$$libinit$$00000008)
    .ARM.Collect$$libinit$$0000000A          0x00014142   Section        0  libinit2.o(.ARM.Collect$$libinit$$0000000A)
    .ARM.Collect$$libinit$$0000000C          0x00014142   Section        0  libinit2.o(.ARM.Collect$$libinit$$0000000C)
    .ARM.Collect$$libinit$$0000000F          0x00014142   Section        0  libinit2.o(.ARM.Collect$$libinit$$0000000F)
    .ARM.Collect$$libinit$$00000011          0x00014142   Section        0  libinit2.o(.ARM.Collect$$libinit$$00000011)
    .ARM.Collect$$libinit$$00000013          0x00014142   Section        0  libinit2.o(.ARM.Collect$$libinit$$00000013)
    .ARM.Collect$$libinit$$00000015          0x00014142   Section        0  libinit2.o(.ARM.Collect$$libinit$$00000015)
    .ARM.Collect$$libinit$$00000017          0x00014142   Section        0  libinit2.o(.ARM.Collect$$libinit$$00000017)
    .ARM.Collect$$libinit$$00000019          0x00014142   Section        0  libinit2.o(.ARM.Collect$$libinit$$00000019)
    .ARM.Collect$$libinit$$0000001B          0x00014142   Section        0  libinit2.o(.ARM.Collect$$libinit$$0000001B)
    .ARM.Collect$$libinit$$0000001D          0x00014142   Section        0  libinit2.o(.ARM.Collect$$libinit$$0000001D)
    .ARM.Collect$$libinit$$0000001F          0x00014142   Section        0  libinit2.o(.ARM.Collect$$libinit$$0000001F)
    .ARM.Collect$$libinit$$00000021          0x00014142   Section        0  libinit2.o(.ARM.Collect$$libinit$$00000021)
    .ARM.Collect$$libinit$$00000023          0x00014142   Section        0  libinit2.o(.ARM.Collect$$libinit$$00000023)
    .ARM.Collect$$libinit$$0000002A          0x00014142   Section        0  libinit2.o(.ARM.Collect$$libinit$$0000002A)
    .ARM.Collect$$libinit$$0000002C          0x00014142   Section        0  libinit2.o(.ARM.Collect$$libinit$$0000002C)
    .ARM.Collect$$libinit$$0000002E          0x00014142   Section        0  libinit2.o(.ARM.Collect$$libinit$$0000002E)
    .ARM.Collect$$libinit$$00000030          0x00014142   Section        0  libinit2.o(.ARM.Collect$$libinit$$00000030)
    .ARM.Collect$$libinit$$00000031          0x00014142   Section        2  libinit2.o(.ARM.Collect$$libinit$$00000031)
    .ARM.Collect$$libshutdown$$00000000      0x00014144   Section        2  libshutdown.o(.ARM.Collect$$libshutdown$$00000000)
    .ARM.Collect$$libshutdown$$00000003      0x00014146   Section        0  libshutdown2.o(.ARM.Collect$$libshutdown$$00000003)
    .ARM.Collect$$libshutdown$$00000006      0x00014146   Section        0  libshutdown2.o(.ARM.Collect$$libshutdown$$00000006)
    .ARM.Collect$$libshutdown$$00000009      0x00014146   Section        0  libshutdown2.o(.ARM.Collect$$libshutdown$$00000009)
    .ARM.Collect$$libshutdown$$0000000B      0x00014146   Section        0  libshutdown2.o(.ARM.Collect$$libshutdown$$0000000B)
    .ARM.Collect$$libshutdown$$0000000E      0x00014146   Section        0  libshutdown2.o(.ARM.Collect$$libshutdown$$0000000E)
    .ARM.Collect$$libshutdown$$0000000F      0x00014146   Section        2  libshutdown2.o(.ARM.Collect$$libshutdown$$0000000F)
    .ARM.Collect$$rtentry$$00000000          0x00014148   Section        0  rtentry.o(.ARM.Collect$$rtentry$$00000000)
    .ARM.Collect$$rtentry$$00000002          0x00014148   Section        0  rtentry2.o(.ARM.Collect$$rtentry$$00000002)
    .ARM.Collect$$rtentry$$00000004          0x00014148   Section        6  rtentry4.o(.ARM.Collect$$rtentry$$00000004)
    .ARM.Collect$$rtentry$$00000009          0x0001414e   Section        0  rtentry2.o(.ARM.Collect$$rtentry$$00000009)
    .ARM.Collect$$rtentry$$0000000A          0x0001414e   Section        4  rtentry2.o(.ARM.Collect$$rtentry$$0000000A)
    .ARM.Collect$$rtentry$$0000000C          0x00014152   Section        0  rtentry2.o(.ARM.Collect$$rtentry$$0000000C)
    .ARM.Collect$$rtentry$$0000000D          0x00014152   Section        8  rtentry2.o(.ARM.Collect$$rtentry$$0000000D)
    .ARM.Collect$$rtexit$$00000000           0x0001415a   Section        2  rtexit.o(.ARM.Collect$$rtexit$$00000000)
    .ARM.Collect$$rtexit$$00000002           0x0001415c   Section        0  rtexit2.o(.ARM.Collect$$rtexit$$00000002)
    .ARM.Collect$$rtexit$$00000003           0x0001415c   Section        4  rtexit2.o(.ARM.Collect$$rtexit$$00000003)
    .ARM.Collect$$rtexit$$00000004           0x00014160   Section        6  rtexit2.o(.ARM.Collect$$rtexit$$00000004)
    .emb_text                                0x00014168   Section       30  app_timer.o(.emb_text)
    .emb_text                                0x00014188   Section       56  rt_memcpy.o(.emb_text)
    .text                                    0x000141c0   Section       72  arm_startup_nrf51.o(.text)
    .text                                    0x00014208   Section        0  system_nrf51.o(.text)
    is_disabled_in_debug_needed              0x00014211   Thumb Code    48  system_nrf51.o(.text)
    is_manual_peripheral_setup_needed        0x00014241   Thumb Code    94  system_nrf51.o(.text)
    .text                                    0x000142e0   Section        0  main.o(.text)
    nrf_gpio_cfg_sense_input                 0x000142e1   Thumb Code    24  main.o(.text)
    battery_level_update                     0x00014323   Thumb Code    48  main.o(.text)
    battery_level_meas_timeout_handler       0x00014353   Thumb Code    10  main.o(.text)
    heart_rate_meas_timeout_handler          0x0001435d   Thumb Code    92  main.o(.text)
    rr_interval_timeout_handler              0x000143b9   Thumb Code    34  main.o(.text)
    sensor_contact_detected_timeout_handler  0x000143db   Thumb Code    28  main.o(.text)
    leds_init                                0x000143f7   Thumb Code    22  main.o(.text)
    timers_init                              0x0001440d   Thumb Code   192  main.o(.text)
    gap_params_init                          0x000144cd   Thumb Code   154  main.o(.text)
    advertising_init                         0x00014567   Thumb Code   112  main.o(.text)
    services_init                            0x000145d7   Thumb Code   622  main.o(.text)
    sensor_sim_init                          0x00014845   Thumb Code    78  main.o(.text)
    sec_params_init                          0x00014893   Thumb Code    66  main.o(.text)
    application_timers_start                 0x000148d5   Thumb Code   160  main.o(.text)
    advertising_start                        0x00014975   Thumb Code    40  main.o(.text)
    on_conn_params_evt                       0x0001499d   Thumb Code    46  main.o(.text)
    conn_params_error_handler                0x000149cb   Thumb Code    16  main.o(.text)
    conn_params_init                         0x000149db   Thumb Code    86  main.o(.text)
    on_ble_evt                               0x00014a31   Thumb Code   180  main.o(.text)
    ble_evt_dispatch                         0x00014ae5   Thumb Code    40  main.o(.text)
    sys_evt_dispatch                         0x00014b0d   Thumb Code    12  main.o(.text)
    ble_stack_init                           0x00014b19   Thumb Code   110  main.o(.text)
    buttons_init                             0x00014b87   Thumb Code   130  main.o(.text)
    bond_manager_error_handler               0x00014c09   Thumb Code    14  main.o(.text)
    bond_manager_init                        0x00014c17   Thumb Code   178  main.o(.text)
    power_manage                             0x00014cc9   Thumb Code    32  main.o(.text)
    nrf_gpio_cfg_output                      0x00014d25   Thumb Code    18  main.o(.text)
    nrf_gpio_pin_set                         0x00014d37   Thumb Code    10  main.o(.text)
    nrf_gpio_pin_clear                       0x00014d41   Thumb Code    10  main.o(.text)
    .text                                    0x00014d60   Section        0  ble_dis.o(.text)
    sys_id_encode                            0x00014d61   Thumb Code   160  ble_dis.o(.text)
    pnp_id_encode                            0x00014e01   Thumb Code   152  ble_dis.o(.text)
    char_add                                 0x00014e99   Thumb Code   232  ble_dis.o(.text)
    uint16_encode                            0x00015103   Thumb Code    18  ble_dis.o(.text)
    .text                                    0x00015178   Section        0  ble_bas.o(.text)
    on_connect                               0x00015179   Thumb Code     6  ble_bas.o(.text)
    on_disconnect                            0x0001517f   Thumb Code     8  ble_bas.o(.text)
    on_write                                 0x00015187   Thumb Code    80  ble_bas.o(.text)
    battery_level_char_add                   0x00015211   Thumb Code   448  ble_bas.o(.text)
    .text                                    0x00015498   Section        0  ble_hrs.o(.text)
    on_connect                               0x00015499   Thumb Code     6  ble_hrs.o(.text)
    on_disconnect                            0x0001549f   Thumb Code     8  ble_hrs.o(.text)
    on_hrm_cccd_write                        0x000154a7   Thumb Code    62  ble_hrs.o(.text)
    on_write                                 0x000154e5   Thumb Code    26  ble_hrs.o(.text)
    hrm_encode                               0x00015539   Thumb Code   186  ble_hrs.o(.text)
    heart_rate_measurement_char_add          0x000155f3   Thumb Code   234  ble_hrs.o(.text)
    body_sensor_location_char_add            0x000156dd   Thumb Code   168  ble_hrs.o(.text)
    uint16_encode                            0x000158cf   Thumb Code    18  ble_hrs.o(.text)
    .text                                    0x000158ec   Section        0  ble_advdata.o(.text)
    name_encode                              0x000158ed   Thumb Code   150  ble_advdata.o(.text)
    appearance_encode                        0x00015983   Thumb Code    74  ble_advdata.o(.text)
    uint8_array_encode                       0x000159cd   Thumb Code    82  ble_advdata.o(.text)
    tx_power_level_encode                    0x00015a1f   Thumb Code    48  ble_advdata.o(.text)
    uuid_list_sized_encode                   0x00015a4f   Thumb Code   196  ble_advdata.o(.text)
    uuid_list_encode                         0x00015b13   Thumb Code    64  ble_advdata.o(.text)
    conn_int_check                           0x00015b53   Thumb Code    88  ble_advdata.o(.text)
    conn_int_encode                          0x00015bab   Thumb Code    92  ble_advdata.o(.text)
    manuf_specific_data_encode               0x00015c07   Thumb Code   106  ble_advdata.o(.text)
    service_data_encode                      0x00015c71   Thumb Code   140  ble_advdata.o(.text)
    adv_data_encode                          0x00015cfd   Thumb Code   304  ble_advdata.o(.text)
    advdata_check                            0x00015e2d   Thumb Code    32  ble_advdata.o(.text)
    srdata_check                             0x00015e4d   Thumb Code    16  ble_advdata.o(.text)
    uint16_encode                            0x00015ed7   Thumb Code    18  ble_advdata.o(.text)
    .text                                    0x00015eec   Section        0  ble_srv_common.o(.text)
    .text                                    0x00015f74   Section        0  ble_sensorsim.o(.text)
    .text                                    0x00015fd8   Section        0  app_timer.o(.text)
    NVIC_SetPriority                         0x00015fd9   Thumb Code   110  app_timer.o(.text)
    rtc1_init                                0x00016047   Thumb Code    18  app_timer.o(.text)
    rtc1_start                               0x00016059   Thumb Code    42  app_timer.o(.text)
    rtc1_stop                                0x00016083   Thumb Code    44  app_timer.o(.text)
    timer_list_insert                        0x000160af   Thumb Code   206  app_timer.o(.text)
    timer_list_remove                        0x0001617d   Thumb Code   150  app_timer.o(.text)
    timer_timeouts_check_sched               0x00016213   Thumb Code    10  app_timer.o(.text)
    timer_list_handler_sched                 0x0001621d   Thumb Code    10  app_timer.o(.text)
    timeout_handler_exec                     0x00016227   Thumb Code    60  app_timer.o(.text)
    timer_timeouts_check                     0x00016263   Thumb Code   128  app_timer.o(.text)
    elapsed_ticks_acquire                    0x000162e3   Thumb Code    82  app_timer.o(.text)
    list_deletions_handler                   0x00016335   Thumb Code   280  app_timer.o(.text)
    expired_timers_handler                   0x0001644d   Thumb Code    98  app_timer.o(.text)
    list_insertions_handler                  0x000164af   Thumb Code   260  app_timer.o(.text)
    compare_reg_update                       0x000165b3   Thumb Code   124  app_timer.o(.text)
    timer_list_handler                       0x0001662f   Thumb Code    70  app_timer.o(.text)
    user_op_enque                            0x00016675   Thumb Code     4  app_timer.o(.text)
    user_op_alloc                            0x00016679   Thumb Code    44  app_timer.o(.text)
    timer_start_op_schedule                  0x000166a5   Thumb Code    80  app_timer.o(.text)
    timer_stop_op_schedule                   0x000166f5   Thumb Code    58  app_timer.o(.text)
    timer_stop_all_op_schedule               0x0001672f   Thumb Code    58  app_timer.o(.text)
    user_id_get                              0x000168fd   Thumb Code    34  app_timer.o(.text)
    NVIC_EnableIRQ                           0x000169fb   Thumb Code    14  app_timer.o(.text)
    NVIC_SetPendingIRQ                       0x00016a09   Thumb Code    14  app_timer.o(.text)
    NVIC_ClearPendingIRQ                     0x00016a17   Thumb Code    16  app_timer.o(.text)
    current_int_priority_get                 0x00016a27   Thumb Code    84  app_timer.o(.text)
    rtc1_counter_get                         0x00016a7b   Thumb Code     6  app_timer.o(.text)
    ticks_diff_get                           0x00016a81   Thumb Code    10  app_timer.o(.text)
    .text                                    0x00016aa8   Section        0  softdevice_handler.o(.text)
    .text                                    0x00016c78   Section        0  ble_conn_params.o(.text)
    is_conn_params_ok                        0x00016c79   Thumb Code    30  ble_conn_params.o(.text)
    update_timeout_handler                   0x00016c97   Thumb Code   136  ble_conn_params.o(.text)
    conn_params_negotiation                  0x00016d85   Thumb Code   126  ble_conn_params.o(.text)
    on_connect                               0x00016e03   Thumb Code    42  ble_conn_params.o(.text)
    on_disconnect                            0x00016e2d   Thumb Code    50  ble_conn_params.o(.text)
    on_write                                 0x00016e5f   Thumb Code    84  ble_conn_params.o(.text)
    on_conn_params_update                    0x00016eb3   Thumb Code    20  ble_conn_params.o(.text)
    .text                                    0x00016f80   Section        0  ble_bondmngr.o(.text)
    crc_extract                              0x00016f81   Thumb Code    30  ble_bondmngr.o(.text)
    bond_info_store                          0x00016f9f   Thumb Code   156  ble_bondmngr.o(.text)
    sys_attr_store                           0x0001703b   Thumb Code   156  ble_bondmngr.o(.text)
    bonding_info_load_from_flash             0x000170d7   Thumb Code   156  ble_bondmngr.o(.text)
    sys_attr_load_from_flash                 0x00017173   Thumb Code   156  ble_bondmngr.o(.text)
    flash_pages_erase                        0x0001720f   Thumb Code    30  ble_bondmngr.o(.text)
    bond_info_changed                        0x0001722d   Thumb Code    66  ble_bondmngr.o(.text)
    sys_attr_changed                         0x0001726f   Thumb Code    70  ble_bondmngr.o(.text)
    central_sys_attr_set                     0x000172b5   Thumb Code    50  ble_bondmngr.o(.text)
    update_whitelist                         0x000172e7   Thumb Code   198  ble_bondmngr.o(.text)
    on_auth_status_from_new_central          0x000173ad   Thumb Code   224  ble_bondmngr.o(.text)
    central_update                           0x0001748d   Thumb Code    90  ble_bondmngr.o(.text)
    central_find_in_db                       0x000174e7   Thumb Code    58  ble_bondmngr.o(.text)
    load_all_from_flash                      0x00017521   Thumb Code   244  ble_bondmngr.o(.text)
    on_connect                               0x00017615   Thumb Code   236  ble_bondmngr.o(.text)
    on_sys_attr_missing                      0x00017701   Thumb Code    84  ble_bondmngr.o(.text)
    auth_status_update                       0x00017755   Thumb Code   218  ble_bondmngr.o(.text)
    on_auth_status                           0x0001782f   Thumb Code    86  ble_bondmngr.o(.text)
    on_sec_info_request                      0x00017885   Thumb Code   116  ble_bondmngr.o(.text)
    on_sec_update                            0x000178f9   Thumb Code   118  ble_bondmngr.o(.text)
    on_sec_param_request                     0x0001796f   Thumb Code    52  ble_bondmngr.o(.text)
    bm_pstorage_cb_handler                   0x00017c85   Thumb Code    24  ble_bondmngr.o(.text)
    .text                                    0x00017f64   Section        0  pstorage.o(.text)
    cmd_queue_init_element                   0x00017f65   Thumb Code    56  pstorage.o(.text)
    cmd_queue_init                           0x00017f9d   Thumb Code    36  pstorage.o(.text)
    process_cmd                              0x00017fc1   Thumb Code   172  pstorage.o(.text)
    cmd_queue_enqueue                        0x0001806d   Thumb Code   250  pstorage.o(.text)
    app_notify                               0x00018167   Thumb Code   104  pstorage.o(.text)
    cmd_queue_dequeue                        0x000181cf   Thumb Code   100  pstorage.o(.text)
    is_word_aligned                          0x000186db   Thumb Code    16  pstorage.o(.text)
    .text                                    0x00018700   Section        0  crc16.o(.text)
    .text                                    0x00018744   Section        0  memcmp.o(.text)
    .text                                    0x000187a0   Section        0  strlen.o(.text)
    .text                                    0x000187e4   Section        0  rt_memcpy.o(.text)
    .text                                    0x00018866   Section        0  rt_memmove.o(.text)
    .text                                    0x000188fc   Section        0  rt_memclr.o(.text)
    .text                                    0x0001893c   Section      346  aeabi_sdiv.o(.text)
    .text                                    0x00018a96   Section        0  heapauxi.o(.text)
    .text                                    0x00018a9c   Section       62  sys_stackheap_outer.o(.text)
    .text                                    0x00018ada   Section        0  exit.o(.text)
    .text                                    0x00018ae8   Section        8  libspace.o(.text)
    .text                                    0x00018af0   Section        0  sys_exit.o(.text)
    .text                                    0x00018afc   Section        2  use_no_semi.o(.text)
    .text                                    0x00018afe   Section        0  indicate_semi.o(.text)
    .constdata                               0x00018b00   Section       12  main.o(.constdata)
    .data                                    0x20002000   Section        4  system_nrf51.o(.data)
    __tagsym$$used                           0x20002000   Number         0  system_nrf51.o(.data)
    .data                                    0x20002004   Section       56  main.o(.data)
    m_conn_handle                            0x20002004   Data           2  main.o(.data)
    m_rr_interval_enabled                    0x20002006   Data           1  main.o(.data)
    cnt                                      0x20002008   Data           4  main.o(.data)
    sensor_contact_detected                  0x2000200c   Data           1  main.o(.data)
    m_sec_params                             0x2000200e   Data           6  main.o(.data)
    m_battery_sim_state                      0x20002014   Data           8  main.o(.data)
    m_heart_rate_sim_state                   0x2000201c   Data           8  main.o(.data)
    m_rr_interval_sim_state                  0x20002024   Data           8  main.o(.data)
    m_battery_timer_id                       0x2000202c   Data           4  main.o(.data)
    m_heart_rate_timer_id                    0x20002030   Data           4  main.o(.data)
    m_rr_interval_timer_id                   0x20002034   Data           4  main.o(.data)
    m_sensor_contact_timer_id                0x20002038   Data           4  main.o(.data)
    .data                                    0x2000203c   Section       74  ble_dis.o(.data)
    service_handle                           0x2000203c   Data           2  ble_dis.o(.data)
    manufact_name_handles                    0x2000203e   Data           8  ble_dis.o(.data)
    model_num_handles                        0x20002046   Data           8  ble_dis.o(.data)
    serial_num_handles                       0x2000204e   Data           8  ble_dis.o(.data)
    hw_rev_handles                           0x20002056   Data           8  ble_dis.o(.data)
    fw_rev_handles                           0x2000205e   Data           8  ble_dis.o(.data)
    sw_rev_handles                           0x20002066   Data           8  ble_dis.o(.data)
    sys_id_handles                           0x2000206e   Data           8  ble_dis.o(.data)
    reg_cert_data_list_handles               0x20002076   Data           8  ble_dis.o(.data)
    pnp_id_handles                           0x2000207e   Data           8  ble_dis.o(.data)
    .data                                    0x20002088   Section       36  app_timer.o(.data)
    mp_nodes                                 0x20002088   Data           4  app_timer.o(.data)
    m_node_array_size                        0x2000208c   Data           1  app_timer.o(.data)
    m_user_array_size                        0x2000208d   Data           1  app_timer.o(.data)
    mp_users                                 0x20002090   Data           4  app_timer.o(.data)
    m_timer_id_head                          0x20002094   Data           4  app_timer.o(.data)
    m_ticks_latest                           0x20002098   Data           4  app_timer.o(.data)
    m_ticks_elapsed                          0x2000209c   Data           8  app_timer.o(.data)
    m_ticks_elapsed_q_read_ind               0x200020a4   Data           1  app_timer.o(.data)
    m_ticks_elapsed_q_write_ind              0x200020a5   Data           1  app_timer.o(.data)
    m_evt_schedule_func                      0x200020a8   Data           4  app_timer.o(.data)
    .data                                    0x200020ac   Section       24  softdevice_handler.o(.data)
    m_softdevice_enabled                     0x200020ac   Data           1  softdevice_handler.o(.data)
    m_evt_schedule_func                      0x200020b0   Data           4  softdevice_handler.o(.data)
    m_evt_buffer                             0x200020b4   Data           4  softdevice_handler.o(.data)
    m_ble_evt_buffer_size                    0x200020b8   Data           2  softdevice_handler.o(.data)
    m_ble_evt_handler                        0x200020bc   Data           4  softdevice_handler.o(.data)
    m_sys_evt_handler                        0x200020c0   Data           4  softdevice_handler.o(.data)
    .data                                    0x200020c4   Section       28  ble_conn_params.o(.data)
    m_change_param                           0x200020c4   Data           1  ble_conn_params.o(.data)
    m_preferred_conn_params                  0x200020c6   Data           8  ble_conn_params.o(.data)
    m_update_count                           0x200020ce   Data           1  ble_conn_params.o(.data)
    m_conn_handle                            0x200020d0   Data           2  ble_conn_params.o(.data)
    m_current_conn_params                    0x200020d2   Data           8  ble_conn_params.o(.data)
    m_conn_params_timer_id                   0x200020dc   Data           4  ble_conn_params.o(.data)
    .data                                    0x200020e0   Section       33  ble_bondmngr.o(.data)
    m_is_bondmngr_initialized                0x200020e0   Data           1  ble_bondmngr.o(.data)
    m_conn_handle                            0x200020e2   Data           2  ble_bondmngr.o(.data)
    m_centrals_in_db_count                   0x200020e4   Data           1  ble_bondmngr.o(.data)
    m_addr_count                             0x200020e5   Data           1  ble_bondmngr.o(.data)
    m_irk_count                              0x200020e6   Data           1  ble_bondmngr.o(.data)
    m_crc_bond_info                          0x200020e8   Data           2  ble_bondmngr.o(.data)
    m_crc_sys_attr                           0x200020ea   Data           2  ble_bondmngr.o(.data)
    mp_flash_bond_info                       0x200020ec   Data           8  ble_bondmngr.o(.data)
    mp_flash_sys_attr                        0x200020f4   Data           8  ble_bondmngr.o(.data)
    m_bond_info_in_flash_count               0x200020fc   Data           1  ble_bondmngr.o(.data)
    m_sys_attr_in_flash_count                0x200020fd   Data           1  ble_bondmngr.o(.data)
    m_sec_con_status                         0x200020fe   Data           1  ble_bondmngr.o(.data)
    m_bond_loaded                            0x200020ff   Data           1  ble_bondmngr.o(.data)
    m_sys_attr_loaded                        0x20002100   Data           1  ble_bondmngr.o(.data)
    .data                                    0x20002104   Section       10  pstorage.o(.data)
    m_module_initialized                     0x20002104   Data           1  pstorage.o(.data)
    m_next_app_instance                      0x20002106   Data           2  pstorage.o(.data)
    m_next_page_addr                         0x20002108   Data           4  pstorage.o(.data)
    m_round_val                              0x2000210c   Data           2  pstorage.o(.data)
    .bss                                     0x20002110   Section      908  main.o(.bss)
    APP_TIMER_BUF                            0x20002110   Data         656  main.o(.bss)
    EVT_BUFFER                               0x200023a0   Data          80  main.o(.bss)
    m_adv_params                             0x200023f0   Data          20  main.o(.bss)
    m_bas                                    0x20002404   Data          24  main.o(.bss)
    m_hrs                                    0x2000241c   Data          80  main.o(.bss)
    m_battery_sim_cfg                        0x2000246c   Data          16  main.o(.bss)
    m_heart_rate_sim_cfg                     0x2000247c   Data          16  main.o(.bss)
    m_rr_interval_sim_cfg                    0x2000248c   Data          16  main.o(.bss)
    .bss                                     0x2000249c   Section       28  ble_conn_params.o(.bss)
    m_conn_params_config                     0x2000249c   Data          28  ble_conn_params.o(.bss)
    .bss                                     0x200024b8   Section     1068  ble_bondmngr.o(.bss)
    s_addr                                   0x200024b8   Data          28  ble_bondmngr.o(.bss)
    s_irk                                    0x200024d4   Data          28  ble_bondmngr.o(.bss)
    m_bondmngr_config                        0x200024f0   Data          12  ble_bondmngr.o(.bss)
    m_central                                0x200024fc   Data         104  ble_bondmngr.o(.bss)
    m_centrals_db                            0x20002564   Data         728  ble_bondmngr.o(.bss)
    m_whitelist_addr                         0x2000283c   Data          56  ble_bondmngr.o(.bss)
    m_whitelist_irk                          0x20002874   Data          56  ble_bondmngr.o(.bss)
    m_bond_crc_array                         0x200028ac   Data          28  ble_bondmngr.o(.bss)
    m_sys_crc_array                          0x200028c8   Data          28  ble_bondmngr.o(.bss)
    .bss                                     0x200028e4   Section      636  pstorage.o(.bss)
    m_cmd_queue                              0x200028e4   Data         604  pstorage.o(.bss)
    m_app_table                              0x20002b40   Data          32  pstorage.o(.bss)
    .bss                                     0x20002b60   Section       96  libspace.o(.bss)
    HEAP                                     0x20002bc0   Section     2048  arm_startup_nrf51.o(HEAP)
    Heap_Mem                                 0x20002bc0   Data        2048  arm_startup_nrf51.o(HEAP)
    STACK                                    0x200033c0   Section     2048  arm_startup_nrf51.o(STACK)
    Stack_Mem                                0x200033c0   Data        2048  arm_startup_nrf51.o(STACK)
    __initial_sp                             0x20003bc0   Data           0  arm_startup_nrf51.o(STACK)

    Global Symbols

    Symbol Name                              Value     Ov Type        Size  Object(Section)

    BuildAttributes$$THM_ISAv3M$S$PE$A:L22$X:L11$S22$IEEE1$IW$USESV6$~STKCKD$USESV7$ENUMINT$~SHL$OSPACE$ROPI$EBA8$UX$STANDARDLIB$REQ8$PRES8$EABIv2 0x00000000   Number         0  anon$$obj.o ABSOLUTE
    __ARM_use_no_argv                        0x00000000   Number         0  main.o ABSOLUTE
    __ARM_exceptions_init                     - Undefined Weak Reference
    __alloca_initialize                       - Undefined Weak Reference
    __cpp_initialize__aeabi_                  - Undefined Weak Reference
    __cxa_finalize                            - Undefined Weak Reference
    __rt_locale                               - Undefined Weak Reference
    __sigvec_lookup                           - Undefined Weak Reference
    _atexit_init                              - Undefined Weak Reference
    _call_atexit_fns                          - Undefined Weak Reference
    _clock_init                               - Undefined Weak Reference
    _fp_trap_init                             - Undefined Weak Reference
    _fp_trap_shutdown                         - Undefined Weak Reference
    _get_lc_collate                           - Undefined Weak Reference
    _get_lc_ctype                             - Undefined Weak Reference
    _get_lc_monetary                          - Undefined Weak Reference
    _get_lc_numeric                           - Undefined Weak Reference
    _get_lc_time                              - Undefined Weak Reference
    _getenv_init                              - Undefined Weak Reference
    _handle_redirection                       - Undefined Weak Reference
    _init_alloc                               - Undefined Weak Reference
    _init_user_alloc                          - Undefined Weak Reference
    _initio                                   - Undefined Weak Reference
    _rand_init                                - Undefined Weak Reference
    _signal_finish                            - Undefined Weak Reference
    _signal_init                              - Undefined Weak Reference
    _terminate_alloc                          - Undefined Weak Reference
    _terminate_user_alloc                     - Undefined Weak Reference
    _terminateio                              - Undefined Weak Reference
    __Vectors_Size                           0x000000c0   Number         0  arm_startup_nrf51.o ABSOLUTE
    __Vectors                                0x00014000   Data           4  arm_startup_nrf51.o(RESET)
    __Vectors_End                            0x000140c0   Data           0  arm_startup_nrf51.o(RESET)
    __main                                   0x000140c1   Thumb Code     8  __main.o(!!!main)
    __scatterload                            0x000140c9   Thumb Code     0  __scatter.o(!!!scatter)
    __scatterload_rt2                        0x000140c9   Thumb Code    52  __scatter.o(!!!scatter)
    __scatterload_rt2_thumb_only             0x000140c9   Thumb Code     0  __scatter.o(!!!scatter)
    __scatterload_null                       0x000140d9   Thumb Code     0  __scatter.o(!!!scatter)
    __scatterload_copy                       0x00014105   Thumb Code    26  __scatter_copy.o(!!handler_copy)
    __scatterload_zeroinit                   0x00014121   Thumb Code    28  __scatter_zi.o(!!handler_zi)
    __rt_lib_init                            0x0001413d   Thumb Code     0  libinit.o(.ARM.Collect$$libinit$$00000000)
    __rt_lib_init_fp_1                       0x0001413f   Thumb Code     0  libinit2.o(.ARM.Collect$$libinit$$00000001)
    __rt_lib_init_alloca_1                   0x00014143   Thumb Code     0  libinit2.o(.ARM.Collect$$libinit$$0000002C)
    __rt_lib_init_argv_1                     0x00014143   Thumb Code     0  libinit2.o(.ARM.Collect$$libinit$$0000002A)
    __rt_lib_init_atexit_1                   0x00014143   Thumb Code     0  libinit2.o(.ARM.Collect$$libinit$$00000019)
    __rt_lib_init_clock_1                    0x00014143   Thumb Code     0  libinit2.o(.ARM.Collect$$libinit$$0000001F)
    __rt_lib_init_cpp_1                      0x00014143   Thumb Code     0  libinit2.o(.ARM.Collect$$libinit$$00000030)
    __rt_lib_init_exceptions_1               0x00014143   Thumb Code     0  libinit2.o(.ARM.Collect$$libinit$$0000002E)
    __rt_lib_init_fp_trap_1                  0x00014143   Thumb Code     0  libinit2.o(.ARM.Collect$$libinit$$0000001D)
    __rt_lib_init_getenv_1                   0x00014143   Thumb Code     0  libinit2.o(.ARM.Collect$$libinit$$00000021)
    __rt_lib_init_heap_1                     0x00014143   Thumb Code     0  libinit2.o(.ARM.Collect$$libinit$$00000008)
    __rt_lib_init_lc_collate_1               0x00014143   Thumb Code     0  libinit2.o(.ARM.Collect$$libinit$$0000000F)
    __rt_lib_init_lc_ctype_1                 0x00014143   Thumb Code     0  libinit2.o(.ARM.Collect$$libinit$$00000011)
    __rt_lib_init_lc_monetary_1              0x00014143   Thumb Code     0  libinit2.o(.ARM.Collect$$libinit$$00000013)
    __rt_lib_init_lc_numeric_1               0x00014143   Thumb Code     0  libinit2.o(.ARM.Collect$$libinit$$00000015)
    __rt_lib_init_lc_time_1                  0x00014143   Thumb Code     0  libinit2.o(.ARM.Collect$$libinit$$00000017)
    __rt_lib_init_rand_1                     0x00014143   Thumb Code     0  libinit2.o(.ARM.Collect$$libinit$$0000000C)
    __rt_lib_init_return                     0x00014143   Thumb Code     0  libinit2.o(.ARM.Collect$$libinit$$00000031)
    __rt_lib_init_signal_1                   0x00014143   Thumb Code     0  libinit2.o(.ARM.Collect$$libinit$$0000001B)
    __rt_lib_init_stdio_1                    0x00014143   Thumb Code     0  libinit2.o(.ARM.Collect$$libinit$$00000023)
    __rt_lib_init_user_alloc_1               0x00014143   Thumb Code     0  libinit2.o(.ARM.Collect$$libinit$$0000000A)
    __rt_lib_shutdown                        0x00014145   Thumb Code     0  libshutdown.o(.ARM.Collect$$libshutdown$$00000000)
    __rt_lib_shutdown_fp_trap_1              0x00014147   Thumb Code     0  libshutdown2.o(.ARM.Collect$$libshutdown$$00000006)
    __rt_lib_shutdown_heap_1                 0x00014147   Thumb Code     0  libshutdown2.o(.ARM.Collect$$libshutdown$$0000000E)
    __rt_lib_shutdown_return                 0x00014147   Thumb Code     0  libshutdown2.o(.ARM.Collect$$libshutdown$$0000000F)
    __rt_lib_shutdown_signal_1               0x00014147   Thumb Code     0  libshutdown2.o(.ARM.Collect$$libshutdown$$00000009)
    __rt_lib_shutdown_stdio_1                0x00014147   Thumb Code     0  libshutdown2.o(.ARM.Collect$$libshutdown$$00000003)
    __rt_lib_shutdown_user_alloc_1           0x00014147   Thumb Code     0  libshutdown2.o(.ARM.Collect$$libshutdown$$0000000B)
    __rt_entry                               0x00014149   Thumb Code     0  rtentry.o(.ARM.Collect$$rtentry$$00000000)
    __rt_entry_presh_1                       0x00014149   Thumb Code     0  rtentry2.o(.ARM.Collect$$rtentry$$00000002)
    __rt_entry_sh                            0x00014149   Thumb Code     0  rtentry4.o(.ARM.Collect$$rtentry$$00000004)
    __rt_entry_li                            0x0001414f   Thumb Code     0  rtentry2.o(.ARM.Collect$$rtentry$$0000000A)
    __rt_entry_postsh_1                      0x0001414f   Thumb Code     0  rtentry2.o(.ARM.Collect$$rtentry$$00000009)
    __rt_entry_main                          0x00014153   Thumb Code     0  rtentry2.o(.ARM.Collect$$rtentry$$0000000D)
    __rt_entry_postli_1                      0x00014153   Thumb Code     0  rtentry2.o(.ARM.Collect$$rtentry$$0000000C)
    __rt_exit                                0x0001415b   Thumb Code     0  rtexit.o(.ARM.Collect$$rtexit$$00000000)
    __rt_exit_ls                             0x0001415d   Thumb Code     0  rtexit2.o(.ARM.Collect$$rtexit$$00000003)
    __rt_exit_prels_1                        0x0001415d   Thumb Code     0  rtexit2.o(.ARM.Collect$$rtexit$$00000002)
    __rt_exit_exit                           0x00014161   Thumb Code     0  rtexit2.o(.ARM.Collect$$rtexit$$00000004)
    __asm___11_app_timer_c_cd27f9c3__nrf_delay_us 0x00014169   Thumb Code    30  app_timer.o(.emb_text)
    __aeabi_memcpy4                          0x00014189   Thumb Code    56  rt_memcpy.o(.emb_text)
    __aeabi_memcpy8                          0x00014189   Thumb Code     0  rt_memcpy.o(.emb_text)
    Reset_Handler                            0x000141c1   Thumb Code    18  arm_startup_nrf51.o(.text)
    NMI_Handler                              0x000141d3   Thumb Code     2  arm_startup_nrf51.o(.text)
    HardFault_Handler                        0x000141d5   Thumb Code     2  arm_startup_nrf51.o(.text)
    SVC_Handler                              0x000141d7   Thumb Code     2  arm_startup_nrf51.o(.text)
    PendSV_Handler                           0x000141d9   Thumb Code     2  arm_startup_nrf51.o(.text)
    SysTick_Handler                          0x000141db   Thumb Code     2  arm_startup_nrf51.o(.text)
    ADC_IRQHandler                           0x000141dd   Thumb Code     0  arm_startup_nrf51.o(.text)
    CCM_AAR_IRQHandler                       0x000141dd   Thumb Code     0  arm_startup_nrf51.o(.text)
    ECB_IRQHandler                           0x000141dd   Thumb Code     0  arm_startup_nrf51.o(.text)
    GPIOTE_IRQHandler                        0x000141dd   Thumb Code     0  arm_startup_nrf51.o(.text)
    LPCOMP_COMP_IRQHandler                   0x000141dd   Thumb Code     0  arm_startup_nrf51.o(.text)
    POWER_CLOCK_IRQHandler                   0x000141dd   Thumb Code     0  arm_startup_nrf51.o(.text)
    QDEC_IRQHandler                          0x000141dd   Thumb Code     0  arm_startup_nrf51.o(.text)
    RADIO_IRQHandler                         0x000141dd   Thumb Code     0  arm_startup_nrf51.o(.text)
    RNG_IRQHandler                           0x000141dd   Thumb Code     0  arm_startup_nrf51.o(.text)
    RTC0_IRQHandler                          0x000141dd   Thumb Code     0  arm_startup_nrf51.o(.text)
    SPI0_TWI0_IRQHandler                     0x000141dd   Thumb Code     0  arm_startup_nrf51.o(.text)
    SPI1_TWI1_IRQHandler                     0x000141dd   Thumb Code     0  arm_startup_nrf51.o(.text)
    SWI1_IRQHandler                          0x000141dd   Thumb Code     0  arm_startup_nrf51.o(.text)
    SWI3_IRQHandler                          0x000141dd   Thumb Code     0  arm_startup_nrf51.o(.text)
    SWI4_IRQHandler                          0x000141dd   Thumb Code     0  arm_startup_nrf51.o(.text)
    SWI5_IRQHandler                          0x000141dd   Thumb Code     0  arm_startup_nrf51.o(.text)
    TEMP_IRQHandler                          0x000141dd   Thumb Code     0  arm_startup_nrf51.o(.text)
    TIMER0_IRQHandler                        0x000141dd   Thumb Code     0  arm_startup_nrf51.o(.text)
    TIMER1_IRQHandler                        0x000141dd   Thumb Code     0  arm_startup_nrf51.o(.text)
    TIMER2_IRQHandler                        0x000141dd   Thumb Code     0  arm_startup_nrf51.o(.text)
    UART0_IRQHandler                         0x000141dd   Thumb Code     0  arm_startup_nrf51.o(.text)
    WDT_IRQHandler                           0x000141dd   Thumb Code     0  arm_startup_nrf51.o(.text)
    __user_initial_stackheap                 0x000141e1   Thumb Code     0  arm_startup_nrf51.o(.text)
    SystemCoreClockUpdate                    0x00014209   Thumb Code     8  system_nrf51.o(.text)
    SystemInit                               0x0001429f   Thumb Code    38  system_nrf51.o(.text)
    app_error_handler                        0x000142f9   Thumb Code    28  main.o(.text)
    assert_nrf_callback                      0x00014315   Thumb Code    14  main.o(.text)
    main                                     0x00014ce9   Thumb Code    60  main.o(.text)
    ble_dis_init                             0x00014f81   Thumb Code   386  ble_dis.o(.text)
    ble_bas_on_ble_evt                       0x000151d7   Thumb Code    58  ble_bas.o(.text)
    ble_bas_init                             0x000153d1   Thumb Code    66  ble_bas.o(.text)
    ble_bas_battery_level_update             0x00015413   Thumb Code   118  ble_bas.o(.text)
    ble_hrs_on_ble_evt                       0x000154ff   Thumb Code    58  ble_hrs.o(.text)
    ble_hrs_init                             0x00015785   Thumb Code   108  ble_hrs.o(.text)
    ble_hrs_heart_rate_measurement_send      0x000157f1   Thumb Code    94  ble_hrs.o(.text)
    ble_hrs_rr_interval_add                  0x0001584f   Thumb Code    60  ble_hrs.o(.text)
    ble_hrs_rr_interval_buffer_is_full       0x0001588b   Thumb Code    18  ble_hrs.o(.text)
    ble_hrs_sensor_contact_supported_set     0x0001589d   Thumb Code    20  ble_hrs.o(.text)
    ble_hrs_sensor_contact_detected_update   0x000158b1   Thumb Code     6  ble_hrs.o(.text)
    ble_hrs_body_sensor_location_set         0x000158b7   Thumb Code    24  ble_hrs.o(.text)
    ble_advdata_set                          0x00015e5d   Thumb Code   122  ble_advdata.o(.text)
    ble_srv_report_ref_encode                0x00015eed   Thumb Code    60  ble_srv_common.o(.text)
    ble_srv_ascii_to_utf8                    0x00015f29   Thumb Code    18  ble_srv_common.o(.text)
    ble_sensorsim_init                       0x00015f75   Thumb Code    26  ble_sensorsim.o(.text)
    ble_sensorsim_measure                    0x00015f8f   Thumb Code    74  ble_sensorsim.o(.text)
    RTC1_IRQHandler                          0x00016769   Thumb Code    34  app_timer.o(.text)
    SWI0_IRQHandler                          0x0001678b   Thumb Code     8  app_timer.o(.text)
    app_timer_init                           0x00016793   Thumb Code   254  app_timer.o(.text)
    app_timer_create                         0x00016891   Thumb Code   108  app_timer.o(.text)
    app_timer_start                          0x0001691f   Thumb Code    98  app_timer.o(.text)
    app_timer_stop                           0x00016981   Thumb Code    60  app_timer.o(.text)
    app_timer_stop_all                       0x000169bd   Thumb Code    26  app_timer.o(.text)
    app_timer_cnt_get                        0x000169d7   Thumb Code    14  app_timer.o(.text)
    app_timer_cnt_diff_compute               0x000169e5   Thumb Code    22  app_timer.o(.text)
    softdevice_assertion_handler             0x00016aa9   Thumb Code    18  softdevice_handler.o(.text)
    intern_softdevice_events_execute         0x00016abb   Thumb Code   168  softdevice_handler.o(.text)
    softdevice_handler_init                  0x00016b63   Thumb Code    82  softdevice_handler.o(.text)
    softdevice_handler_sd_disable            0x00016bb5   Thumb Code    24  softdevice_handler.o(.text)
    softdevice_ble_evt_handler_set           0x00016bcd   Thumb Code    18  softdevice_handler.o(.text)
    softdevice_sys_evt_handler_set           0x00016bdf   Thumb Code    18  softdevice_handler.o(.text)
    SWI2_IRQHandler                          0x00016bf1   Thumb Code    52  softdevice_handler.o(.text)
    ble_conn_params_init                     0x00016d1f   Thumb Code    90  ble_conn_params.o(.text)
    ble_conn_params_stop                     0x00016d79   Thumb Code    12  ble_conn_params.o(.text)
    ble_conn_params_on_ble_evt               0x00016ec7   Thumb Code    62  ble_conn_params.o(.text)
    ble_conn_params_change_conn_params       0x00016f05   Thumb Code    86  ble_conn_params.o(.text)
    ble_bondmngr_on_ble_evt                  0x000179a3   Thumb Code   122  ble_bondmngr.o(.text)
    ble_bondmngr_bonded_centrals_store       0x00017a1d   Thumb Code   258  ble_bondmngr.o(.text)
    ble_bondmngr_sys_attr_store              0x00017b1f   Thumb Code    92  ble_bondmngr.o(.text)
    ble_bondmngr_bonded_centrals_delete      0x00017b7b   Thumb Code    38  ble_bondmngr.o(.text)
    ble_bondmngr_central_addr_get            0x00017ba1   Thumb Code   120  ble_bondmngr.o(.text)
    ble_bondmngr_whitelist_get               0x00017c19   Thumb Code   108  ble_bondmngr.o(.text)
    ble_bondmngr_init                        0x00017c9d   Thumb Code   216  ble_bondmngr.o(.text)
    ble_bondmngr_central_ids_get             0x00017d75   Thumb Code    88  ble_bondmngr.o(.text)
    ble_bondmngr_bonded_central_delete       0x00017dcd   Thumb Code   302  ble_bondmngr.o(.text)
    ble_bondmngr_is_link_encrypted           0x00017efb   Thumb Code    32  ble_bondmngr.o(.text)
    pstorage_sys_event_handler               0x00018233   Thumb Code   104  pstorage.o(.text)
    pstorage_init                            0x0001829b   Thumb Code   112  pstorage.o(.text)
    pstorage_register                        0x0001830b   Thumb Code   338  pstorage.o(.text)
    pstorage_block_identifier_get            0x0001845d   Thumb Code   136  pstorage.o(.text)
    pstorage_store                           0x000184e5   Thumb Code   188  pstorage.o(.text)
    pstorage_load                            0x000185a1   Thumb Code   188  pstorage.o(.text)
    pstorage_clear                           0x0001865d   Thumb Code   126  pstorage.o(.text)
    crc16_compute                            0x00018701   Thumb Code    62  crc16.o(.text)
    memcmp                                   0x00018745   Thumb Code    90  memcmp.o(.text)
    strlen                                   0x000187a1   Thumb Code    62  strlen.o(.text)
    __aeabi_memcpy                           0x000187e5   Thumb Code   130  rt_memcpy.o(.text)
    __rt_memcpy                              0x000187e5   Thumb Code     0  rt_memcpy.o(.text)
    __aeabi_memmove4                         0x00018867   Thumb Code    70  rt_memmove.o(.text)
    __aeabi_memmove8                         0x00018867   Thumb Code     0  rt_memmove.o(.text)
    __aeabi_memmove                          0x000188ad   Thumb Code    80  rt_memmove.o(.text)
    __rt_memmove                             0x000188ad   Thumb Code     0  rt_memmove.o(.text)
    _memset_w                                0x000188fd   Thumb Code    26  rt_memclr.o(.text)
    _memset                                  0x00018917   Thumb Code    30  rt_memclr.o(.text)
    __aeabi_memclr                           0x00018935   Thumb Code     4  rt_memclr.o(.text)
    __rt_memclr                              0x00018935   Thumb Code     0  rt_memclr.o(.text)
    __aeabi_memclr4                          0x00018939   Thumb Code     0  rt_memclr.o(.text)
    __aeabi_memclr8                          0x00018939   Thumb Code     0  rt_memclr.o(.text)
    __rt_memclr_w                            0x00018939   Thumb Code     4  rt_memclr.o(.text)
    __aeabi_uidiv                            0x0001893d   Thumb Code     0  aeabi_sdiv.o(.text)
    __aeabi_uidivmod                         0x0001893d   Thumb Code    20  aeabi_sdiv.o(.text)
    __aeabi_idiv                             0x00018951   Thumb Code     0  aeabi_sdiv.o(.text)
    __aeabi_idivmod                          0x00018951   Thumb Code   326  aeabi_sdiv.o(.text)
    __use_two_region_memory                  0x00018a97   Thumb Code     2  heapauxi.o(.text)
    __rt_heap_escrow$2region                 0x00018a99   Thumb Code     2  heapauxi.o(.text)
    __rt_heap_expand$2region                 0x00018a9b   Thumb Code     2  heapauxi.o(.text)
    __user_setup_stackheap                   0x00018a9d   Thumb Code    62  sys_stackheap_outer.o(.text)
    exit                                     0x00018adb   Thumb Code    12  exit.o(.text)
    __user_libspace                          0x00018ae9   Thumb Code     8  libspace.o(.text)
    __user_perproc_libspace                  0x00018ae9   Thumb Code     0  libspace.o(.text)
    __user_perthread_libspace                0x00018ae9   Thumb Code     0  libspace.o(.text)
    _sys_exit                                0x00018af1   Thumb Code     8  sys_exit.o(.text)
    __I$use$semihosting                      0x00018afd   Thumb Code     0  use_no_semi.o(.text)
    __use_no_semihosting_swi                 0x00018afd   Thumb Code     2  use_no_semi.o(.text)
    __semihosting_library_function           0x00018aff   Thumb Code     0  indicate_semi.o(.text)
    Region$$Table$$Base                      0x00018b0c   Number         0  anon$$obj.o(Region$$Table)
    Region$$Table$$Limit                     0x00018b2c   Number         0  anon$$obj.o(Region$$Table)
    SystemCoreClock                          0x20002000   Data           4  system_nrf51.o(.data)
    __libspace_start                         0x20002b60   Data          96  libspace.o(.bss)
    __temporary_stack_top$libspace           0x20002bc0   Data           0  libspace.o(.bss)



==============================================================================

Memory Map of the image

  Image Entry point : 0x000140c1

  Load Region LR_IROM1 (Base: 0x00014000, Size: 0x00004c3c, Max: 0x0002b000, ABSOLUTE)

    Execution Region ER_IROM1 (Base: 0x00014000, Size: 0x00004b2c, Max: 0x0002b000, ABSOLUTE)

    Base Addr    Size         Type   Attr      Idx    E Section Name        Object

    0x00014000   0x000000c0   Data   RO            3    RESET               arm_startup_nrf51.o
    0x000140c0   0x00000008   Code   RO          750  * !!!main             c_p.l(__main.o)
    0x000140c8   0x0000003c   Code   RO          916    !!!scatter          c_p.l(__scatter.o)
    0x00014104   0x0000001a   Code   RO          918    !!handler_copy      c_p.l(__scatter_copy.o)
    0x0001411e   0x00000002   PAD
    0x00014120   0x0000001c   Code   RO          920    !!handler_zi        c_p.l(__scatter_zi.o)
    0x0001413c   0x00000002   Code   RO          788    .ARM.Collect$$libinit$$00000000  c_p.l(libinit.o)
    0x0001413e   0x00000004   Code   RO          801    .ARM.Collect$$libinit$$00000001  c_p.l(libinit2.o)
    0x00014142   0x00000000   Code   RO          805    .ARM.Collect$$libinit$$00000008  c_p.l(libinit2.o)
    0x00014142   0x00000000   Code   RO          807    .ARM.Collect$$libinit$$0000000A  c_p.l(libinit2.o)
    0x00014142   0x00000000   Code   RO          809    .ARM.Collect$$libinit$$0000000C  c_p.l(libinit2.o)
    0x00014142   0x00000000   Code   RO          812    .ARM.Collect$$libinit$$0000000F  c_p.l(libinit2.o)
    0x00014142   0x00000000   Code   RO          814    .ARM.Collect$$libinit$$00000011  c_p.l(libinit2.o)
    0x00014142   0x00000000   Code   RO          816    .ARM.Collect$$libinit$$00000013  c_p.l(libinit2.o)
    0x00014142   0x00000000   Code   RO          818    .ARM.Collect$$libinit$$00000015  c_p.l(libinit2.o)
    0x00014142   0x00000000   Code   RO          820    .ARM.Collect$$libinit$$00000017  c_p.l(libinit2.o)
    0x00014142   0x00000000   Code   RO          822    .ARM.Collect$$libinit$$00000019  c_p.l(libinit2.o)
    0x00014142   0x00000000   Code   RO          824    .ARM.Collect$$libinit$$0000001B  c_p.l(libinit2.o)
    0x00014142   0x00000000   Code   RO          826    .ARM.Collect$$libinit$$0000001D  c_p.l(libinit2.o)
    0x00014142   0x00000000   Code   RO          828    .ARM.Collect$$libinit$$0000001F  c_p.l(libinit2.o)
    0x00014142   0x00000000   Code   RO          830    .ARM.Collect$$libinit$$00000021  c_p.l(libinit2.o)
    0x00014142   0x00000000   Code   RO          832    .ARM.Collect$$libinit$$00000023  c_p.l(libinit2.o)
    0x00014142   0x00000000   Code   RO          836    .ARM.Collect$$libinit$$0000002A  c_p.l(libinit2.o)
    0x00014142   0x00000000   Code   RO          838    .ARM.Collect$$libinit$$0000002C  c_p.l(libinit2.o)
    0x00014142   0x00000000   Code   RO          840    .ARM.Collect$$libinit$$0000002E  c_p.l(libinit2.o)
    0x00014142   0x00000000   Code   RO          842    .ARM.Collect$$libinit$$00000030  c_p.l(libinit2.o)
    0x00014142   0x00000002   Code   RO          843    .ARM.Collect$$libinit$$00000031  c_p.l(libinit2.o)
    0x00014144   0x00000002   Code   RO          874    .ARM.Collect$$libshutdown$$00000000  c_p.l(libshutdown.o)
    0x00014146   0x00000000   Code   RO          901    .ARM.Collect$$libshutdown$$00000003  c_p.l(libshutdown2.o)
    0x00014146   0x00000000   Code   RO          904    .ARM.Collect$$libshutdown$$00000006  c_p.l(libshutdown2.o)
    0x00014146   0x00000000   Code   RO          907    .ARM.Collect$$libshutdown$$00000009  c_p.l(libshutdown2.o)
    0x00014146   0x00000000   Code   RO          909    .ARM.Collect$$libshutdown$$0000000B  c_p.l(libshutdown2.o)
    0x00014146   0x00000000   Code   RO          912    .ARM.Collect$$libshutdown$$0000000E  c_p.l(libshutdown2.o)
    0x00014146   0x00000002   Code   RO          913    .ARM.Collect$$libshutdown$$0000000F  c_p.l(libshutdown2.o)
    0x00014148   0x00000000   Code   RO          752    .ARM.Collect$$rtentry$$00000000  c_p.l(rtentry.o)
    0x00014148   0x00000000   Code   RO          758    .ARM.Collect$$rtentry$$00000002  c_p.l(rtentry2.o)
    0x00014148   0x00000006   Code   RO          770    .ARM.Collect$$rtentry$$00000004  c_p.l(rtentry4.o)
    0x0001414e   0x00000000   Code   RO          760    .ARM.Collect$$rtentry$$00000009  c_p.l(rtentry2.o)
    0x0001414e   0x00000004   Code   RO          761    .ARM.Collect$$rtentry$$0000000A  c_p.l(rtentry2.o)
    0x00014152   0x00000000   Code   RO          763    .ARM.Collect$$rtentry$$0000000C  c_p.l(rtentry2.o)
    0x00014152   0x00000008   Code   RO          764    .ARM.Collect$$rtentry$$0000000D  c_p.l(rtentry2.o)
    0x0001415a   0x00000002   Code   RO          793    .ARM.Collect$$rtexit$$00000000  c_p.l(rtexit.o)
    0x0001415c   0x00000000   Code   RO          847    .ARM.Collect$$rtexit$$00000002  c_p.l(rtexit2.o)
    0x0001415c   0x00000004   Code   RO          848    .ARM.Collect$$rtexit$$00000003  c_p.l(rtexit2.o)
    0x00014160   0x00000006   Code   RO          849    .ARM.Collect$$rtexit$$00000004  c_p.l(rtexit2.o)
    0x00014166   0x00000002   PAD
    0x00014168   0x0000001e   Code   RO          472    .emb_text           app_timer.o
    0x00014186   0x00000002   PAD
    0x00014188   0x00000038   Code   RO          734    .emb_text           c_p.l(rt_memcpy.o)
    0x000141c0   0x00000048   Code   RO            4    .text               arm_startup_nrf51.o
    0x00014208   0x000000d8   Code   RO           12    .text               system_nrf51.o
    0x000142e0   0x00000a80   Code   RO           69    .text               main.o
    0x00014d60   0x00000418   Code   RO          236    .text               ble_dis.o
    0x00015178   0x00000320   Code   RO          306    .text               ble_bas.o
    0x00015498   0x00000454   Code   RO          353    .text               ble_hrs.o
    0x000158ec   0x00000600   Code   RO          408    .text               ble_advdata.o
    0x00015eec   0x00000088   Code   RO          434    .text               ble_srv_common.o
    0x00015f74   0x00000064   Code   RO          455    .text               ble_sensorsim.o
    0x00015fd8   0x00000ad0   Code   RO          473    .text               app_timer.o
    0x00016aa8   0x000001d0   Code   RO          529    .text               softdevice_handler.o
    0x00016c78   0x00000308   Code   RO          590    .text               ble_conn_params.o
    0x00016f80   0x00000fe4   Code   RO          629    .text               ble_bondmngr.o
    0x00017f64   0x0000079c   Code   RO          661    .text               pstorage.o
    0x00018700   0x00000044   Code   RO          685    .text               crc16.o
    0x00018744   0x0000005a   Code   RO          730    .text               c_p.l(memcmp.o)
    0x0001879e   0x00000002   PAD
    0x000187a0   0x00000044   Code   RO          732    .text               c_p.l(strlen.o)
    0x000187e4   0x00000082   Code   RO          735    .text               c_p.l(rt_memcpy.o)
    0x00018866   0x00000096   Code   RO          738    .text               c_p.l(rt_memmove.o)
    0x000188fc   0x00000040   Code   RO          740    .text               c_p.l(rt_memclr.o)
    0x0001893c   0x0000015a   Code   RO          744    .text               c_p.l(aeabi_sdiv.o)
    0x00018a96   0x00000006   Code   RO          748    .text               c_p.l(heapauxi.o)
    0x00018a9c   0x0000003e   Code   RO          774    .text               c_p.l(sys_stackheap_outer.o)
    0x00018ada   0x0000000c   Code   RO          777    .text               c_p.l(exit.o)
    0x00018ae6   0x00000002   PAD
    0x00018ae8   0x00000008   Code   RO          789    .text               c_p.l(libspace.o)
    0x00018af0   0x0000000c   Code   RO          844    .text               c_p.l(sys_exit.o)
    0x00018afc   0x00000002   Code   RO          863    .text               c_p.l(use_no_semi.o)
    0x00018afe   0x00000000   Code   RO          865    .text               c_p.l(indicate_semi.o)
    0x00018afe   0x00000002   PAD
    0x00018b00   0x0000000c   Data   RO           71    .constdata          main.o
    0x00018b0c   0x00000020   Data   RO          914    Region$$Table       anon$$obj.o


    Execution Region RW_IRAM1 (Base: 0x20002000, Size: 0x00001bc0, Max: 0x00002000, ABSOLUTE)

    Base Addr    Size         Type   Attr      Idx    E Section Name        Object

    0x20002000   0x00000004   Data   RW           13    .data               system_nrf51.o
    0x20002004   0x00000038   Data   RW           72    .data               main.o
    0x2000203c   0x0000004a   Data   RW          237    .data               ble_dis.o
    0x20002086   0x00000002   PAD
    0x20002088   0x00000024   Data   RW          474    .data               app_timer.o
    0x200020ac   0x00000018   Data   RW          530    .data               softdevice_handler.o
    0x200020c4   0x0000001c   Data   RW          592    .data               ble_conn_params.o
    0x200020e0   0x00000021   Data   RW          631    .data               ble_bondmngr.o
    0x20002101   0x00000003   PAD
    0x20002104   0x0000000a   Data   RW          663    .data               pstorage.o
    0x2000210e   0x00000002   PAD
    0x20002110   0x0000038c   Zero   RW           70    .bss                main.o
    0x2000249c   0x0000001c   Zero   RW          591    .bss                ble_conn_params.o
    0x200024b8   0x0000042c   Zero   RW          630    .bss                ble_bondmngr.o
    0x200028e4   0x0000027c   Zero   RW          662    .bss                pstorage.o
    0x20002b60   0x00000060   Zero   RW          790    .bss                c_p.l(libspace.o)
    0x20002bc0   0x00000800   Zero   RW            2    HEAP                arm_startup_nrf51.o
    0x200033c0   0x00000800   Zero   RW            1    STACK               arm_startup_nrf51.o


==============================================================================

Image component sizes


      Code (inc. data)   RO Data    RW Data    ZI Data      Debug   Object Name

      2798        184          0         36          0      22077   app_timer.o
        72         32        192          0       4096        688   arm_startup_nrf51.o
      1536          4          0          0          0       8442   ble_advdata.o
       800         16          0          0          0      33739   ble_bas.o
      4068        242          0         33       1068      14971   ble_bondmngr.o
       776         38          0         28         28       7254   ble_conn_params.o
      1048        100          0         74          0      32967   ble_dis.o
      1108         12          0          0          0      10046   ble_hrs.o
       100          0          0          0          0       1675   ble_sensorsim.o
       136         58          0          0          0       1506   ble_srv_common.o
        68          6          0          0          0       1036   crc16.o
      2688        256         12         56        908      79173   main.o
      1948         52          0         10        636       9707   pstorage.o
       464         84          0         24          0      21192   softdevice_handler.o
       216         28          0          4          0       5469   system_nrf51.o

    ----------------------------------------------------------------------
     17828       1112        236        272       6736     249942   Object Totals
         0          0         32          0          0          0   (incl. Generated)
         2          0          0          7          0          0   (incl. Padding)

    ----------------------------------------------------------------------

      Code (inc. data)   RO Data    RW Data    ZI Data      Debug   Library Member Name

         8          0          0          0          0         68   __main.o
        60          8          0          0          0          0   __scatter.o
        26          0          0          0          0          0   __scatter_copy.o
        28          0          0          0          0          0   __scatter_zi.o
       346          0          0          0          0         92   aeabi_sdiv.o
        12          0          0          0          0         64   exit.o
         6          0          0          0          0        136   heapauxi.o
         0          0          0          0          0          0   indicate_semi.o
         2          0          0          0          0          0   libinit.o
         6          0          0          0          0          0   libinit2.o
         2          0          0          0          0          0   libshutdown.o
         2          0          0          0          0          0   libshutdown2.o
         8          4          0          0         96         68   libspace.o
        90          0          0          0          0         68   memcmp.o
        64          0          0          0          0        108   rt_memclr.o
       186          0          0          0          0        144   rt_memcpy.o
       150          0          0          0          0        104   rt_memmove.o
         0          0          0          0          0          0   rtentry.o
        12          0          0          0          0          0   rtentry2.o
         6          0          0          0          0          0   rtentry4.o
         2          0          0          0          0          0   rtexit.o
        10          0          0          0          0          0   rtexit2.o
        68          6          0          0          0         72   strlen.o
        12          4          0          0          0         60   sys_exit.o
        62          0          0          0          0         80   sys_stackheap_outer.o
         2          0          0          0          0         68   use_no_semi.o

    ----------------------------------------------------------------------
      1180         22          0          0         96       1132   Library Totals
        10          0          0          0          0          0   (incl. Padding)

    ----------------------------------------------------------------------

      Code (inc. data)   RO Data    RW Data    ZI Data      Debug   Library Name

      1170         22          0          0         96       1132   c_p.l

    ----------------------------------------------------------------------
      1180         22          0          0         96       1132   Library Totals

    ----------------------------------------------------------------------

==============================================================================


      Code (inc. data)   RO Data    RW Data    ZI Data      Debug   

     19008       1134        236        272       6832     249610   Grand Totals
     19008       1134        236        272       6832     249610   ELF Image Totals
     19008       1134        236        272          0          0   ROM Totals

==============================================================================

    Total RO  Size (Code + RO Data)                19244 (  18.79kB)
    Total RW  Size (RW Data + ZI Data)              7104 (   6.94kB)
    Total ROM Size (Code + RO Data + RW Data)      19516 (  19.06kB)

==============================================================================

