<html>
<body>
<pre>
<h1>µVision Build Log</h1>
<h2>Project:</h2>
C:\Keil\ARM\Device\Nordic\nrf51822\Board\nrf6310\s110\zb-ex10091\arm\ble_app_hrs.uvproj
Project File Date:  02/04/2014

<h2>Output:</h2>
Build target 'nrf51822_xxaa_s110 (256K)'
compiling main.c...
linking...
Program Size: Code=19008 RO-data=236 RW-data=272 ZI-data=6832  
FromELF: creating hex file...
".\_build\ble_app_hrs.axf" - 0 Error(s), 0 Warning(s).
Load "C:\\Keil\\ARM\\Device\\Nordic\\nrf51822\\Board\\nrf6310\\s110\\zb-ex10091\\arm\\_build\\ble_app_hrs.axf" 
Error: Flash Download failed  -  Target DLL has been cancelled
ms.c...
compiling ble_bondmngr.c...
compiling pstorage.c...
compiling crc16.c...
compiling ble_debug_assert_handler.c...
linking...
Program Size: Code=19024 RO-data=236 RW-data=272 ZI-data=6832  
FromELF: creating hex file...
".\_build\ble_app_hrs.axf" - 0 Error(s), 0 Warning(s).
.c...
compiling ble_advdata.c...
compiling ble_srv_common.c...
compiling ble_sensorsim.c...
compiling app_timer.c...
compiling softdevice_handler.c...
compiling ble_conn_params.c...
compiling ble_bondmngr.c...
compiling pstorage.c...
compiling crc16.c...
compiling ble_debug_assert_handler.c...
".\_build\ble_app_hrs.axf" - 3 Error(s), 0 Warning(s).
Target not created
