ARM Linker, 5.03 [Build 76] [MDK-ARM Lite]

==============================================================================

Section Cross References

    arm_startup_nrf51.o(STACK) refers (Special) to heapauxi.o(.text) for __use_two_region_memory
    arm_startup_nrf51.o(HEAP) refers (Special) to heapauxi.o(.text) for __use_two_region_memory
    arm_startup_nrf51.o(RESET) refers (Special) to heapauxi.o(.text) for __use_two_region_memory
    arm_startup_nrf51.o(RESET) refers to arm_startup_nrf51.o(STACK) for __initial_sp
    arm_startup_nrf51.o(RESET) refers to arm_startup_nrf51.o(.text) for Reset_Handler
    arm_startup_nrf51.o(RESET) refers to app_timer.o(.text) for RTC1_IRQHandler
    arm_startup_nrf51.o(RESET) refers to softdevice_handler.o(.text) for SWI2_IRQHandler
    arm_startup_nrf51.o(.text) refers (Special) to heapauxi.o(.text) for __use_two_region_memory
    arm_startup_nrf51.o(.text) refers to system_nrf51.o(.text) for SystemInit
    arm_startup_nrf51.o(.text) refers to __main.o(!!!main) for __main
    arm_startup_nrf51.o(.text) refers to arm_startup_nrf51.o(HEAP) for Heap_Mem
    arm_startup_nrf51.o(.text) refers to arm_startup_nrf51.o(STACK) for Stack_Mem
    system_nrf51.o(.text) refers to system_nrf51.o(.data) for .data
    main.o(.text) refers to main.o(.emb_text) for __asm___6_main_c_959ec897__nrf_delay_us
    main.o(.text) refers to main.o(.data) for .data
    main.o(.text) refers to ble_bas.o(.text) for ble_bas_battery_level_update
    main.o(.text) refers to ble_sensorsim.o(.text) for ble_sensorsim_measure
    main.o(.text) refers to ble_hrs.o(.text) for ble_hrs_heart_rate_measurement_send
    main.o(.text) refers to aeabi_sdiv.o(.text) for __aeabi_uidivmod
    main.o(.text) refers to app_timer.o(.text) for app_timer_init
    main.o(.text) refers to rt_memclr.o(.text) for __aeabi_memclr4
    main.o(.text) refers to ble_srv_common.o(.text) for ble_srv_ascii_to_utf8
    main.o(.text) refers to ble_dis.o(.text) for ble_dis_init
    main.o(.text) refers to ble_bondmngr.o(.text) for ble_bondmngr_on_ble_evt
    main.o(.text) refers to ble_conn_params.o(.text) for ble_conn_params_on_ble_evt
    main.o(.text) refers to pstorage.o(.text) for pstorage_sys_event_handler
    main.o(.text) refers to rt_memcpy.o(.emb_text) for __aeabi_memcpy4
    main.o(.text) refers to main.o(.bss) for .bss
    main.o(.text) refers to main.o(.constdata) for .constdata
    main.o(.text) refers to ble_advdata.o(.text) for ble_advdata_set
    main.o(.text) refers to softdevice_handler.o(.text) for softdevice_handler_init
    ble_dis.o(.text) refers to main.o(.text) for app_error_handler
    ble_dis.o(.text) refers to rt_memclr.o(.text) for __aeabi_memclr4
    ble_dis.o(.text) refers to ble_dis.o(.data) for .data
    ble_bas.o(.text) refers to rt_memclr.o(.text) for __aeabi_memclr4
    ble_bas.o(.text) refers to ble_srv_common.o(.text) for ble_srv_report_ref_encode
    ble_hrs.o(.text) refers to rt_memmove.o(.text) for __aeabi_memmove
    ble_hrs.o(.text) refers to rt_memclr.o(.text) for __aeabi_memclr4
    ble_error_log.o(.text) refers to strncpy.o(.text) for strncpy
    ble_error_log.o(.text) refers to rt_memcpy.o(.emb_text) for __aeabi_memcpy4
    ble_error_log.o(.text) refers to ble_error_log.o(.bss) for .bss
    ble_error_log.o(.text) refers to arm_startup_nrf51.o(RESET) for __Vectors
    ble_advdata.o(.text) refers to rt_memcpy.o(.text) for __aeabi_memcpy
    ble_srv_common.o(.text) refers to strlen.o(.text) for strlen
    app_timer.o(.text) refers to main.o(.text) for app_error_handler
    app_timer.o(.text) refers to app_timer.o(.data) for .data
    app_timer.o(.text) refers to app_timer.o(.emb_text) for __asm___11_app_timer_c_cd27f9c3__nrf_delay_us
    softdevice_handler.o(.text) refers to main.o(.text) for assert_nrf_callback
    softdevice_handler.o(.text) refers to softdevice_handler.o(.data) for .data
    ble_conn_params.o(.text) refers to rt_memcpy.o(.emb_text) for __aeabi_memcpy4
    ble_conn_params.o(.text) refers to rt_memcpy.o(.text) for __aeabi_memcpy
    ble_conn_params.o(.text) refers to app_timer.o(.text) for app_timer_create
    ble_conn_params.o(.text) refers to ble_conn_params.o(.data) for .data
    ble_conn_params.o(.text) refers to ble_conn_params.o(.bss) for .bss
    ble_bondmngr.o(.text) refers to crc16.o(.text) for crc16_compute
    ble_bondmngr.o(.text) refers to pstorage.o(.text) for pstorage_block_identifier_get
    ble_bondmngr.o(.text) refers to rt_memcpy.o(.text) for __aeabi_memcpy
    ble_bondmngr.o(.text) refers to rt_memcpy.o(.emb_text) for __aeabi_memcpy4
    ble_bondmngr.o(.text) refers to memcmp.o(.text) for memcmp
    ble_bondmngr.o(.text) refers to rt_memclr.o(.text) for __aeabi_memclr4
    ble_bondmngr.o(.text) refers to ble_bondmngr.o(.data) for .data
    ble_bondmngr.o(.text) refers to ble_bondmngr.o(.bss) for .bss
    pstorage.o(.text) refers to aeabi_sdiv.o(.text) for __aeabi_uidivmod
    pstorage.o(.text) refers to rt_memcpy.o(.text) for __aeabi_memcpy
    pstorage.o(.text) refers to pstorage.o(.bss) for .bss
    pstorage.o(.text) refers to pstorage.o(.data) for .data
    ble_debug_assert_handler.o(.text) refers to strncpy.o(.text) for strncpy
    ble_debug_assert_handler.o(.text) refers to ble_debug_assert_handler.o(.bss) for .bss
    ble_debug_assert_handler.o(.text) refers to ble_debug_assert_handler.o(.data) for .data
    rt_memcpy.o(.text) refers to rt_memcpy.o(.emb_text) for __aeabi_memcpy4
    rt_memmove.o(.text) refers to rt_memcpy.o(.emb_text) for __aeabi_memcpy4
    rt_memmove.o(.text) refers to rt_memcpy.o(.text) for __aeabi_memcpy
    strncpy.o(.text) refers to rt_memclr.o(.text) for __rt_memclr
    __main.o(!!!main) refers to rtentry.o(.ARM.Collect$$rtentry$$00000000) for __rt_entry
    rtentry.o(.ARM.Collect$$rtentry$$00000000) refers (Special) to rtentry2.o(.ARM.Collect$$rtentry$$0000000A) for __rt_entry_li
    rtentry.o(.ARM.Collect$$rtentry$$00000000) refers (Special) to rtentry2.o(.ARM.Collect$$rtentry$$0000000D) for __rt_entry_main
    rtentry.o(.ARM.Collect$$rtentry$$00000000) refers (Special) to rtentry2.o(.ARM.Collect$$rtentry$$0000000C) for __rt_entry_postli_1
    rtentry.o(.ARM.Collect$$rtentry$$00000000) refers (Special) to rtentry2.o(.ARM.Collect$$rtentry$$00000009) for __rt_entry_postsh_1
    rtentry.o(.ARM.Collect$$rtentry$$00000000) refers (Special) to rtentry2.o(.ARM.Collect$$rtentry$$00000002) for __rt_entry_presh_1
    rtentry.o(.ARM.Collect$$rtentry$$00000000) refers (Special) to rtentry4.o(.ARM.Collect$$rtentry$$00000004) for __rt_entry_sh
    aeabi_idiv0_sigfpe.o(.text) refers to rt_div0.o(.text) for __rt_div0
    rtentry2.o(.ARM.Collect$$rtentry$$00000008) refers to boardinit2.o(.text) for _platform_post_stackheap_init
    rtentry2.o(.ARM.Collect$$rtentry$$0000000A) refers to libinit.o(.ARM.Collect$$libinit$$00000000) for __rt_lib_init
    rtentry2.o(.ARM.Collect$$rtentry$$0000000B) refers to boardinit3.o(.text) for _platform_post_lib_init
    rtentry2.o(.ARM.Collect$$rtentry$$0000000D) refers to main.o(.text) for main
    rtentry2.o(.ARM.Collect$$rtentry$$0000000D) refers to exit.o(.text) for exit
    rtentry2.o(.ARM.exidx) refers to rtentry2.o(.ARM.Collect$$rtentry$$00000001) for .ARM.Collect$$rtentry$$00000001
    rtentry2.o(.ARM.exidx) refers to rtentry2.o(.ARM.Collect$$rtentry$$00000008) for .ARM.Collect$$rtentry$$00000008
    rtentry2.o(.ARM.exidx) refers to rtentry2.o(.ARM.Collect$$rtentry$$0000000A) for .ARM.Collect$$rtentry$$0000000A
    rtentry2.o(.ARM.exidx) refers to rtentry2.o(.ARM.Collect$$rtentry$$0000000B) for .ARM.Collect$$rtentry$$0000000B
    rtentry2.o(.ARM.exidx) refers to rtentry2.o(.ARM.Collect$$rtentry$$0000000D) for .ARM.Collect$$rtentry$$0000000D
    rtentry4.o(.ARM.Collect$$rtentry$$00000004) refers to sys_stackheap_outer.o(.text) for __user_setup_stackheap
    rtentry4.o(.ARM.exidx) refers to rtentry4.o(.ARM.Collect$$rtentry$$00000004) for .ARM.Collect$$rtentry$$00000004
    rt_div0.o(.text) refers to defsig_fpe_outer.o(.text) for __rt_SIGFPE
    sys_stackheap_outer.o(.text) refers to libspace.o(.text) for __user_perproc_libspace
    sys_stackheap_outer.o(.text) refers to arm_startup_nrf51.o(.text) for __user_initial_stackheap
    sys_stackheap_outer.o(__vectab_stack_and_reset_area) refers to tempstk.o(.text) for __temporary_stack_top
    sys_stackheap_outer.o(__vectab_stack_and_reset_area) refers to __main.o(!!!main) for __main
    exit.o(.text) refers to rtexit.o(.ARM.Collect$$rtexit$$00000000) for __rt_exit
    defsig_fpe_outer.o(.text) refers to defsig_fpe_inner.o(.text) for __rt_SIGFPE_inner
    defsig_fpe_outer.o(.text) refers to defsig_exit.o(.text) for __sig_exit
    defsig_fpe_formal.o(.text) refers to rt_raise.o(.text) for __rt_raise
    libinit.o(.ARM.Collect$$libinit$$00000000) refers (Special) to libinit2.o(.ARM.Collect$$libinit$$0000002C) for __rt_lib_init_alloca_1
    libinit.o(.ARM.Collect$$libinit$$00000000) refers (Special) to libinit2.o(.ARM.Collect$$libinit$$0000002A) for __rt_lib_init_argv_1
    libinit.o(.ARM.Collect$$libinit$$00000000) refers (Special) to libinit2.o(.ARM.Collect$$libinit$$00000019) for __rt_lib_init_atexit_1
    libinit.o(.ARM.Collect$$libinit$$00000000) refers (Special) to libinit2.o(.ARM.Collect$$libinit$$0000001F) for __rt_lib_init_clock_1
    libinit.o(.ARM.Collect$$libinit$$00000000) refers (Special) to libinit2.o(.ARM.Collect$$libinit$$00000030) for __rt_lib_init_cpp_1
    libinit.o(.ARM.Collect$$libinit$$00000000) refers (Special) to libinit2.o(.ARM.Collect$$libinit$$0000002E) for __rt_lib_init_exceptions_1
    libinit.o(.ARM.Collect$$libinit$$00000000) refers (Special) to libinit2.o(.ARM.Collect$$libinit$$00000001) for __rt_lib_init_fp_1
    libinit.o(.ARM.Collect$$libinit$$00000000) refers (Special) to libinit2.o(.ARM.Collect$$libinit$$0000001D) for __rt_lib_init_fp_trap_1
    libinit.o(.ARM.Collect$$libinit$$00000000) refers (Special) to libinit2.o(.ARM.Collect$$libinit$$00000021) for __rt_lib_init_getenv_1
    libinit.o(.ARM.Collect$$libinit$$00000000) refers (Special) to libinit2.o(.ARM.Collect$$libinit$$00000008) for __rt_lib_init_heap_1
    libinit.o(.ARM.Collect$$libinit$$00000000) refers (Special) to libinit2.o(.ARM.Collect$$libinit$$0000000F) for __rt_lib_init_lc_collate_1
    libinit.o(.ARM.Collect$$libinit$$00000000) refers (Special) to libinit2.o(.ARM.Collect$$libinit$$00000011) for __rt_lib_init_lc_ctype_1
    libinit.o(.ARM.Collect$$libinit$$00000000) refers (Special) to libinit2.o(.ARM.Collect$$libinit$$00000013) for __rt_lib_init_lc_monetary_1
    libinit.o(.ARM.Collect$$libinit$$00000000) refers (Special) to libinit2.o(.ARM.Collect$$libinit$$00000015) for __rt_lib_init_lc_numeric_1
    libinit.o(.ARM.Collect$$libinit$$00000000) refers (Special) to libinit2.o(.ARM.Collect$$libinit$$00000017) for __rt_lib_init_lc_time_1
    libinit.o(.ARM.Collect$$libinit$$00000000) refers (Special) to libinit2.o(.ARM.Collect$$libinit$$0000000C) for __rt_lib_init_rand_1
    libinit.o(.ARM.Collect$$libinit$$00000000) refers (Special) to libinit2.o(.ARM.Collect$$libinit$$00000031) for __rt_lib_init_return
    libinit.o(.ARM.Collect$$libinit$$00000000) refers (Special) to libinit2.o(.ARM.Collect$$libinit$$0000001B) for __rt_lib_init_signal_1
    libinit.o(.ARM.Collect$$libinit$$00000000) refers (Special) to libinit2.o(.ARM.Collect$$libinit$$00000023) for __rt_lib_init_stdio_1
    libinit.o(.ARM.Collect$$libinit$$00000000) refers (Special) to libinit2.o(.ARM.Collect$$libinit$$0000000A) for __rt_lib_init_user_alloc_1
    libspace.o(.text) refers to libspace.o(.bss) for __libspace_start
    rtexit.o(.ARM.Collect$$rtexit$$00000000) refers (Special) to rtexit2.o(.ARM.Collect$$rtexit$$00000004) for __rt_exit_exit
    rtexit.o(.ARM.Collect$$rtexit$$00000000) refers (Special) to rtexit2.o(.ARM.Collect$$rtexit$$00000003) for __rt_exit_ls
    rtexit.o(.ARM.Collect$$rtexit$$00000000) refers (Special) to rtexit2.o(.ARM.Collect$$rtexit$$00000002) for __rt_exit_prels_1
    rtexit.o(.ARM.exidx) refers (Special) to rtexit2.o(.ARM.Collect$$rtexit$$00000004) for __rt_exit_exit
    rtexit.o(.ARM.exidx) refers (Special) to rtexit2.o(.ARM.Collect$$rtexit$$00000003) for __rt_exit_ls
    rtexit.o(.ARM.exidx) refers (Special) to rtexit2.o(.ARM.Collect$$rtexit$$00000002) for __rt_exit_prels_1
    rtexit.o(.ARM.exidx) refers to rtexit.o(.ARM.Collect$$rtexit$$00000000) for .ARM.Collect$$rtexit$$00000000
    rt_raise.o(.text) refers to __raise.o(.text) for __raise
    rt_raise.o(.text) refers to sys_exit.o(.text) for _sys_exit
    defsig_exit.o(.text) refers to sys_exit.o(.text) for _sys_exit
    defsig_fpe_inner.o(.text) refers to defsig_general.o(.text) for __default_signal_display
    libinit2.o(.ARM.Collect$$libinit$$0000000E) refers to libinit2.o(.ARM.Collect$$libinit$$0000000D) for .ARM.Collect$$libinit$$0000000D
    libinit2.o(.ARM.Collect$$libinit$$00000010) refers to libinit2.o(.ARM.Collect$$libinit$$0000000D) for .ARM.Collect$$libinit$$0000000D
    libinit2.o(.ARM.Collect$$libinit$$00000012) refers to libinit2.o(.ARM.Collect$$libinit$$0000000D) for .ARM.Collect$$libinit$$0000000D
    libinit2.o(.ARM.Collect$$libinit$$00000014) refers to libinit2.o(.ARM.Collect$$libinit$$0000000D) for .ARM.Collect$$libinit$$0000000D
    libinit2.o(.ARM.Collect$$libinit$$00000016) refers to libinit2.o(.ARM.Collect$$libinit$$0000000D) for .ARM.Collect$$libinit$$0000000D
    libinit2.o(.ARM.Collect$$libinit$$00000024) refers to argv_veneer.o(.text) for __ARM_argv_veneer
    libinit2.o(.ARM.Collect$$libinit$$00000025) refers to argv_veneer.o(.text) for __ARM_argv_veneer
    sys_exit.o(.text) refers (Special) to use_no_semi.o(.text) for __I$use$semihosting
    sys_exit.o(.text) refers (Special) to indicate_semi.o(.text) for __semihosting_library_function
    rtexit2.o(.ARM.Collect$$rtexit$$00000003) refers to libshutdown.o(.ARM.Collect$$libshutdown$$00000000) for __rt_lib_shutdown
    rtexit2.o(.ARM.Collect$$rtexit$$00000004) refers to sys_exit.o(.text) for _sys_exit
    rtexit2.o(.ARM.exidx) refers to rtexit2.o(.ARM.Collect$$rtexit$$00000001) for .ARM.Collect$$rtexit$$00000001
    rtexit2.o(.ARM.exidx) refers to rtexit2.o(.ARM.Collect$$rtexit$$00000003) for .ARM.Collect$$rtexit$$00000003
    rtexit2.o(.ARM.exidx) refers to rtexit2.o(.ARM.Collect$$rtexit$$00000004) for .ARM.Collect$$rtexit$$00000004
    __raise.o(.text) refers to defsig.o(CL$$defsig) for __default_signal_handler
    defsig_general.o(.text) refers to sys_wrch.o(.text) for _ttywrch
    sys_wrch.o(.text) refers (Special) to use_no_semi.o(.text) for __I$use$semihosting
    sys_wrch.o(.text) refers (Special) to indicate_semi.o(.text) for __semihosting_library_function
    defsig.o(CL$$defsig) refers to defsig_fpe_inner.o(.text) for __rt_SIGFPE_inner
    defsig.o(CL$$defsig) refers to defsig_rtmem_inner.o(.text) for __rt_SIGRTMEM_inner
    _get_argv_nomalloc.o(.text) refers (Special) to hrguard.o(.text) for __heap_region$guard
    _get_argv_nomalloc.o(.text) refers to defsig_rtmem_outer.o(.text) for __rt_SIGRTMEM
    _get_argv_nomalloc.o(.text) refers to sys_command.o(.text) for _sys_command_string
    libshutdown.o(.ARM.Collect$$libshutdown$$00000000) refers (Special) to libshutdown2.o(.ARM.Collect$$libshutdown$$00000006) for __rt_lib_shutdown_fp_trap_1
    libshutdown.o(.ARM.Collect$$libshutdown$$00000000) refers (Special) to libshutdown2.o(.ARM.Collect$$libshutdown$$0000000E) for __rt_lib_shutdown_heap_1
    libshutdown.o(.ARM.Collect$$libshutdown$$00000000) refers (Special) to libshutdown2.o(.ARM.Collect$$libshutdown$$0000000F) for __rt_lib_shutdown_return
    libshutdown.o(.ARM.Collect$$libshutdown$$00000000) refers (Special) to libshutdown2.o(.ARM.Collect$$libshutdown$$00000009) for __rt_lib_shutdown_signal_1
    libshutdown.o(.ARM.Collect$$libshutdown$$00000000) refers (Special) to libshutdown2.o(.ARM.Collect$$libshutdown$$00000003) for __rt_lib_shutdown_stdio_1
    libshutdown.o(.ARM.Collect$$libshutdown$$00000000) refers (Special) to libshutdown2.o(.ARM.Collect$$libshutdown$$0000000B) for __rt_lib_shutdown_user_alloc_1
    sys_command.o(.text) refers (Special) to use_no_semi.o(.text) for __I$use$semihosting
    sys_command.o(.text) refers (Special) to indicate_semi.o(.text) for __semihosting_library_function
    defsig_abrt_inner.o(.text) refers to defsig_general.o(.text) for __default_signal_display
    defsig_rtred_inner.o(.text) refers to defsig_general.o(.text) for __default_signal_display
    defsig_rtmem_inner.o(.text) refers to defsig_general.o(.text) for __default_signal_display
    defsig_rtmem_outer.o(.text) refers to defsig_rtmem_inner.o(.text) for __rt_SIGRTMEM_inner
    defsig_rtmem_outer.o(.text) refers to defsig_exit.o(.text) for __sig_exit
    defsig_rtmem_formal.o(.text) refers to rt_raise.o(.text) for __rt_raise
    defsig_stak_inner.o(.text) refers to defsig_general.o(.text) for __default_signal_display
    defsig_pvfn_inner.o(.text) refers to defsig_general.o(.text) for __default_signal_display
    defsig_cppl_inner.o(.text) refers to defsig_general.o(.text) for __default_signal_display
    defsig_segv_inner.o(.text) refers to defsig_general.o(.text) for __default_signal_display
    defsig_other.o(.text) refers to defsig_general.o(.text) for __default_signal_display


==============================================================================

Removing Unused input sections from the image.

    Removing system_nrf51.o(.rev16_text), (4 bytes).
    Removing system_nrf51.o(.revsh_text), (4 bytes).
    Removing main.o(.rev16_text), (4 bytes).
    Removing main.o(.revsh_text), (4 bytes).
    Removing ble_dis.o(.rev16_text), (4 bytes).
    Removing ble_dis.o(.revsh_text), (4 bytes).
    Removing ble_bas.o(.rev16_text), (4 bytes).
    Removing ble_bas.o(.revsh_text), (4 bytes).
    Removing ble_hrs.o(.rev16_text), (4 bytes).
    Removing ble_hrs.o(.revsh_text), (4 bytes).
    Removing ble_error_log.o(.rev16_text), (4 bytes).
    Removing ble_error_log.o(.revsh_text), (4 bytes).
    Removing ble_error_log.o(.text), (68 bytes).
    Removing ble_error_log.o(.bss), (392 bytes).
    Removing ble_advdata.o(.rev16_text), (4 bytes).
    Removing ble_advdata.o(.revsh_text), (4 bytes).
    Removing ble_srv_common.o(.rev16_text), (4 bytes).
    Removing ble_srv_common.o(.revsh_text), (4 bytes).
    Removing app_timer.o(.rev16_text), (4 bytes).
    Removing app_timer.o(.revsh_text), (4 bytes).
    Removing softdevice_handler.o(.rev16_text), (4 bytes).
    Removing softdevice_handler.o(.revsh_text), (4 bytes).
    Removing ble_conn_params.o(.rev16_text), (4 bytes).
    Removing ble_conn_params.o(.revsh_text), (4 bytes).
    Removing ble_bondmngr.o(.rev16_text), (4 bytes).
    Removing ble_bondmngr.o(.revsh_text), (4 bytes).
    Removing pstorage.o(.rev16_text), (4 bytes).
    Removing pstorage.o(.revsh_text), (4 bytes).
    Removing ble_debug_assert_handler.o(.rev16_text), (4 bytes).
    Removing ble_debug_assert_handler.o(.revsh_text), (4 bytes).
    Removing ble_debug_assert_handler.o(.text), (48 bytes).
    Removing ble_debug_assert_handler.o(.bss), (128 bytes).
    Removing ble_debug_assert_handler.o(.data), (8 bytes).

33 unused section(s) (total 756 bytes) removed from the image.

==============================================================================

Image Symbol Table

    Local Symbols

    Symbol Name                              Value     Ov Type        Size  Object(Section)

    ../clib/../cmprslib/zerorunl2.c          0x00000000   Number         0  __dczerorl2.o ABSOLUTE
    ../clib/angel/boardlib.s                 0x00000000   Number         0  boardshut.o ABSOLUTE
    ../clib/angel/boardlib.s                 0x00000000   Number         0  boardinit3.o ABSOLUTE
    ../clib/angel/boardlib.s                 0x00000000   Number         0  boardinit1.o ABSOLUTE
    ../clib/angel/boardlib.s                 0x00000000   Number         0  boardinit2.o ABSOLUTE
    ../clib/angel/handlers.s                 0x00000000   Number         0  __scatter_zi.o ABSOLUTE
    ../clib/angel/kernel.s                   0x00000000   Number         0  rtexit2.o ABSOLUTE
    ../clib/angel/kernel.s                   0x00000000   Number         0  rtentry4.o ABSOLUTE
    ../clib/angel/kernel.s                   0x00000000   Number         0  rtentry2.o ABSOLUTE
    ../clib/angel/kernel.s                   0x00000000   Number         0  rtexit.o ABSOLUTE
    ../clib/angel/kernel.s                   0x00000000   Number         0  rtentry.o ABSOLUTE
    ../clib/angel/rt.s                       0x00000000   Number         0  aeabi_idiv0.o ABSOLUTE
    ../clib/angel/rt.s                       0x00000000   Number         0  rt_raise.o ABSOLUTE
    ../clib/angel/rt.s                       0x00000000   Number         0  rt_div0.o ABSOLUTE
    ../clib/angel/rt.s                       0x00000000   Number         0  aeabi_idiv0_sigfpe.o ABSOLUTE
    ../clib/angel/scatterp.s                 0x00000000   Number         0  __scatter.o ABSOLUTE
    ../clib/angel/startup.s                  0x00000000   Number         0  __main.o ABSOLUTE
    ../clib/angel/sys.s                      0x00000000   Number         0  indicate_semi.o ABSOLUTE
    ../clib/angel/sys.s                      0x00000000   Number         0  tempstk.o ABSOLUTE
    ../clib/angel/sys.s                      0x00000000   Number         0  libspace.o ABSOLUTE
    ../clib/angel/sys.s                      0x00000000   Number         0  use_no_semi.o ABSOLUTE
    ../clib/angel/sys.s                      0x00000000   Number         0  sys_stackheap_outer.o ABSOLUTE
    ../clib/angel/sysapp.c                   0x00000000   Number         0  sys_command.o ABSOLUTE
    ../clib/angel/sysapp.c                   0x00000000   Number         0  sys_wrch.o ABSOLUTE
    ../clib/angel/sysapp.c                   0x00000000   Number         0  sys_exit.o ABSOLUTE
    ../clib/armsys.c                         0x00000000   Number         0  argv_veneer.o ABSOLUTE
    ../clib/armsys.c                         0x00000000   Number         0  no_argv.o ABSOLUTE
    ../clib/armsys.c                         0x00000000   Number         0  _get_argv_nomalloc.o ABSOLUTE
    ../clib/division.s                       0x00000000   Number         0  aeabi_sdiv_div0.o ABSOLUTE
    ../clib/division.s                       0x00000000   Number         0  aeabi_sdiv.o ABSOLUTE
    ../clib/heapalloc.c                      0x00000000   Number         0  hrguard.o ABSOLUTE
    ../clib/heapaux.c                        0x00000000   Number         0  heapauxi.o ABSOLUTE
    ../clib/libinit.s                        0x00000000   Number         0  libshutdown2.o ABSOLUTE
    ../clib/libinit.s                        0x00000000   Number         0  libshutdown.o ABSOLUTE
    ../clib/libinit.s                        0x00000000   Number         0  libinit.o ABSOLUTE
    ../clib/libinit.s                        0x00000000   Number         0  libinit2.o ABSOLUTE
    ../clib/memcpset.c                       0x00000000   Number         0  rt_memmove.o ABSOLUTE
    ../clib/memcpset.c                       0x00000000   Number         0  rt_memcpy.o ABSOLUTE
    ../clib/memcpset.c                       0x00000000   Number         0  rt_memcpy.o ABSOLUTE
    ../clib/memcpset.c                       0x00000000   Number         0  rt_memclr.o ABSOLUTE
    ../clib/signal.c                         0x00000000   Number         0  defsig_fpe_formal.o ABSOLUTE
    ../clib/signal.c                         0x00000000   Number         0  defsig_fpe_outer.o ABSOLUTE
    ../clib/signal.c                         0x00000000   Number         0  defsig_exit.o ABSOLUTE
    ../clib/signal.c                         0x00000000   Number         0  defsig_fpe_inner.o ABSOLUTE
    ../clib/signal.c                         0x00000000   Number         0  defsig_other.o ABSOLUTE
    ../clib/signal.c                         0x00000000   Number         0  defsig_general.o ABSOLUTE
    ../clib/signal.c                         0x00000000   Number         0  __raise.o ABSOLUTE
    ../clib/signal.c                         0x00000000   Number         0  defsig_segv_inner.o ABSOLUTE
    ../clib/signal.c                         0x00000000   Number         0  defsig_cppl_inner.o ABSOLUTE
    ../clib/signal.c                         0x00000000   Number         0  defsig_rtmem_outer.o ABSOLUTE
    ../clib/signal.c                         0x00000000   Number         0  defsig_pvfn_inner.o ABSOLUTE
    ../clib/signal.c                         0x00000000   Number         0  defsig_stak_inner.o ABSOLUTE
    ../clib/signal.c                         0x00000000   Number         0  defsig_abrt_inner.o ABSOLUTE
    ../clib/signal.c                         0x00000000   Number         0  defsig_rtmem_formal.o ABSOLUTE
    ../clib/signal.c                         0x00000000   Number         0  defsig_rtred_inner.o ABSOLUTE
    ../clib/signal.c                         0x00000000   Number         0  defsig_rtmem_inner.o ABSOLUTE
    ../clib/signal.s                         0x00000000   Number         0  defsig.o ABSOLUTE
    ../clib/stdlib.c                         0x00000000   Number         0  exit.o ABSOLUTE
    ../clib/string.c                         0x00000000   Number         0  memcmp.o ABSOLUTE
    ../clib/string.c                         0x00000000   Number         0  strlen.o ABSOLUTE
    ../clib/string.c                         0x00000000   Number         0  strncpy.o ABSOLUTE
    ../fplib/cfplib/fpinit.c                 0x00000000   Number         0  fpinit.o ABSOLUTE
    ..\..\..\..\..\Source\app_common\app_timer.c 0x00000000   Number         0  app_timer.o ABSOLUTE
    ..\..\..\..\..\Source\app_common\crc16.c 0x00000000   Number         0  crc16.o ABSOLUTE
    ..\..\..\..\..\Source\app_common\pstorage.c 0x00000000   Number         0  pstorage.o ABSOLUTE
    ..\..\..\..\..\Source\ble\ble_advdata.c  0x00000000   Number         0  ble_advdata.o ABSOLUTE
    ..\..\..\..\..\Source\ble\ble_bondmngr.c 0x00000000   Number         0  ble_bondmngr.o ABSOLUTE
    ..\..\..\..\..\Source\ble\ble_conn_params.c 0x00000000   Number         0  ble_conn_params.o ABSOLUTE
    ..\..\..\..\..\Source\ble\ble_debug_assert_handler.c 0x00000000   Number         0  ble_debug_assert_handler.o ABSOLUTE
    ..\..\..\..\..\Source\ble\ble_error_log.c 0x00000000   Number         0  ble_error_log.o ABSOLUTE
    ..\..\..\..\..\Source\ble\ble_sensorsim.c 0x00000000   Number         0  ble_sensorsim.o ABSOLUTE
    ..\..\..\..\..\Source\ble\ble_services\ble_bas.c 0x00000000   Number         0  ble_bas.o ABSOLUTE
    ..\..\..\..\..\Source\ble\ble_services\ble_dis.c 0x00000000   Number         0  ble_dis.o ABSOLUTE
    ..\..\..\..\..\Source\ble\ble_services\ble_hrs.c 0x00000000   Number         0  ble_hrs.o ABSOLUTE
    ..\..\..\..\..\Source\ble\ble_services\ble_srv_common.c 0x00000000   Number         0  ble_srv_common.o ABSOLUTE
    ..\..\..\..\..\Source\sd_common\softdevice_handler.c 0x00000000   Number         0  softdevice_handler.o ABSOLUTE
    ..\..\..\..\..\Source\templates\arm\arm_startup_nrf51.s 0x00000000   Number         0  arm_startup_nrf51.o ABSOLUTE
    ..\..\..\..\..\Source\templates\system_nrf51.c 0x00000000   Number         0  system_nrf51.o ABSOLUTE
    ..\\..\\..\\..\\..\\Source\\app_common\\app_timer.c 0x00000000   Number         0  app_timer.o ABSOLUTE
    ..\\..\\..\\..\\..\\Source\\app_common\\pstorage.c 0x00000000   Number         0  pstorage.o ABSOLUTE
    ..\\..\\..\\..\\..\\Source\\ble\\ble_advdata.c 0x00000000   Number         0  ble_advdata.o ABSOLUTE
    ..\\..\\..\\..\\..\\Source\\ble\\ble_bondmngr.c 0x00000000   Number         0  ble_bondmngr.o ABSOLUTE
    ..\\..\\..\\..\\..\\Source\\ble\\ble_conn_params.c 0x00000000   Number         0  ble_conn_params.o ABSOLUTE
    ..\\..\\..\\..\\..\\Source\\ble\\ble_debug_assert_handler.c 0x00000000   Number         0  ble_debug_assert_handler.o ABSOLUTE
    ..\\..\\..\\..\\..\\Source\\ble\\ble_error_log.c 0x00000000   Number         0  ble_error_log.o ABSOLUTE
    ..\\..\\..\\..\\..\\Source\\ble\\ble_services\\ble_bas.c 0x00000000   Number         0  ble_bas.o ABSOLUTE
    ..\\..\\..\\..\\..\\Source\\ble\\ble_services\\ble_dis.c 0x00000000   Number         0  ble_dis.o ABSOLUTE
    ..\\..\\..\\..\\..\\Source\\ble\\ble_services\\ble_hrs.c 0x00000000   Number         0  ble_hrs.o ABSOLUTE
    ..\\..\\..\\..\\..\\Source\\ble\\ble_services\\ble_srv_common.c 0x00000000   Number         0  ble_srv_common.o ABSOLUTE
    ..\\..\\..\\..\\..\\Source\\sd_common\\softdevice_handler.c 0x00000000   Number         0  softdevice_handler.o ABSOLUTE
    ..\\..\\..\\..\\..\\Source\\templates\\system_nrf51.c 0x00000000   Number         0  system_nrf51.o ABSOLUTE
    ..\\main.c                               0x00000000   Number         0  main.o ABSOLUTE
    ..\main.c                                0x00000000   Number         0  main.o ABSOLUTE
    dc.s                                     0x00000000   Number         0  dc.o ABSOLUTE
    RESET                                    0x00014000   Section      192  arm_startup_nrf51.o(RESET)
    !!!main                                  0x000140c0   Section        8  __main.o(!!!main)
    !!!scatter                               0x000140c8   Section       60  __scatter.o(!!!scatter)
    !!handler_zi                             0x00014104   Section       28  __scatter_zi.o(!!handler_zi)
    .ARM.Collect$$libinit$$00000000          0x00014120   Section        2  libinit.o(.ARM.Collect$$libinit$$00000000)
    .ARM.Collect$$libinit$$00000001          0x00014122   Section        4  libinit2.o(.ARM.Collect$$libinit$$00000001)
    .ARM.Collect$$libinit$$00000008          0x00014126   Section        0  libinit2.o(.ARM.Collect$$libinit$$00000008)
    .ARM.Collect$$libinit$$0000000A          0x00014126   Section        0  libinit2.o(.ARM.Collect$$libinit$$0000000A)
    .ARM.Collect$$libinit$$0000000C          0x00014126   Section        0  libinit2.o(.ARM.Collect$$libinit$$0000000C)
    .ARM.Collect$$libinit$$0000000F          0x00014126   Section        0  libinit2.o(.ARM.Collect$$libinit$$0000000F)
    .ARM.Collect$$libinit$$00000011          0x00014126   Section        0  libinit2.o(.ARM.Collect$$libinit$$00000011)
    .ARM.Collect$$libinit$$00000013          0x00014126   Section        0  libinit2.o(.ARM.Collect$$libinit$$00000013)
    .ARM.Collect$$libinit$$00000015          0x00014126   Section        0  libinit2.o(.ARM.Collect$$libinit$$00000015)
    .ARM.Collect$$libinit$$00000017          0x00014126   Section        0  libinit2.o(.ARM.Collect$$libinit$$00000017)
    .ARM.Collect$$libinit$$00000019          0x00014126   Section        0  libinit2.o(.ARM.Collect$$libinit$$00000019)
    .ARM.Collect$$libinit$$0000001B          0x00014126   Section        0  libinit2.o(.ARM.Collect$$libinit$$0000001B)
    .ARM.Collect$$libinit$$0000001D          0x00014126   Section        0  libinit2.o(.ARM.Collect$$libinit$$0000001D)
    .ARM.Collect$$libinit$$0000001F          0x00014126   Section        0  libinit2.o(.ARM.Collect$$libinit$$0000001F)
    .ARM.Collect$$libinit$$00000021          0x00014126   Section        0  libinit2.o(.ARM.Collect$$libinit$$00000021)
    .ARM.Collect$$libinit$$00000023          0x00014126   Section        0  libinit2.o(.ARM.Collect$$libinit$$00000023)
    .ARM.Collect$$libinit$$0000002A          0x00014126   Section        0  libinit2.o(.ARM.Collect$$libinit$$0000002A)
    .ARM.Collect$$libinit$$0000002C          0x00014126   Section        0  libinit2.o(.ARM.Collect$$libinit$$0000002C)
    .ARM.Collect$$libinit$$0000002E          0x00014126   Section        0  libinit2.o(.ARM.Collect$$libinit$$0000002E)
    .ARM.Collect$$libinit$$00000030          0x00014126   Section        0  libinit2.o(.ARM.Collect$$libinit$$00000030)
    .ARM.Collect$$libinit$$00000031          0x00014126   Section        2  libinit2.o(.ARM.Collect$$libinit$$00000031)
    .ARM.Collect$$libshutdown$$00000000      0x00014128   Section        2  libshutdown.o(.ARM.Collect$$libshutdown$$00000000)
    .ARM.Collect$$libshutdown$$00000003      0x0001412a   Section        0  libshutdown2.o(.ARM.Collect$$libshutdown$$00000003)
    .ARM.Collect$$libshutdown$$00000006      0x0001412a   Section        0  libshutdown2.o(.ARM.Collect$$libshutdown$$00000006)
    .ARM.Collect$$libshutdown$$00000009      0x0001412a   Section        0  libshutdown2.o(.ARM.Collect$$libshutdown$$00000009)
    .ARM.Collect$$libshutdown$$0000000B      0x0001412a   Section        0  libshutdown2.o(.ARM.Collect$$libshutdown$$0000000B)
    .ARM.Collect$$libshutdown$$0000000E      0x0001412a   Section        0  libshutdown2.o(.ARM.Collect$$libshutdown$$0000000E)
    .ARM.Collect$$libshutdown$$0000000F      0x0001412a   Section        2  libshutdown2.o(.ARM.Collect$$libshutdown$$0000000F)
    .ARM.Collect$$rtentry$$00000000          0x0001412c   Section        0  rtentry.o(.ARM.Collect$$rtentry$$00000000)
    .ARM.Collect$$rtentry$$00000002          0x0001412c   Section        0  rtentry2.o(.ARM.Collect$$rtentry$$00000002)
    .ARM.Collect$$rtentry$$00000004          0x0001412c   Section        6  rtentry4.o(.ARM.Collect$$rtentry$$00000004)
    .ARM.Collect$$rtentry$$00000009          0x00014132   Section        0  rtentry2.o(.ARM.Collect$$rtentry$$00000009)
    .ARM.Collect$$rtentry$$0000000A          0x00014132   Section        4  rtentry2.o(.ARM.Collect$$rtentry$$0000000A)
    .ARM.Collect$$rtentry$$0000000C          0x00014136   Section        0  rtentry2.o(.ARM.Collect$$rtentry$$0000000C)
    .ARM.Collect$$rtentry$$0000000D          0x00014136   Section        8  rtentry2.o(.ARM.Collect$$rtentry$$0000000D)
    .ARM.Collect$$rtexit$$00000000           0x0001413e   Section        2  rtexit.o(.ARM.Collect$$rtexit$$00000000)
    .ARM.Collect$$rtexit$$00000002           0x00014140   Section        0  rtexit2.o(.ARM.Collect$$rtexit$$00000002)
    .ARM.Collect$$rtexit$$00000003           0x00014140   Section        4  rtexit2.o(.ARM.Collect$$rtexit$$00000003)
    .ARM.Collect$$rtexit$$00000004           0x00014144   Section        6  rtexit2.o(.ARM.Collect$$rtexit$$00000004)
    .emb_text                                0x0001414c   Section       30  main.o(.emb_text)
    .emb_text                                0x0001416c   Section       30  app_timer.o(.emb_text)
    .emb_text                                0x0001418c   Section       56  rt_memcpy.o(.emb_text)
    .text                                    0x000141c4   Section       72  arm_startup_nrf51.o(.text)
    .text                                    0x0001420c   Section        0  system_nrf51.o(.text)
    is_manual_peripheral_setup_needed        0x00014255   Thumb Code    66  system_nrf51.o(.text)
    .text                                    0x000142b4   Section        0  main.o(.text)
    twi_master_clear_bus                     0x000142b5   Thumb Code   120  main.o(.text)
    battery_level_meas_timeout_handler       0x000147b3   Thumb Code    42  main.o(.text)
    heart_rate_meas_timeout_handler          0x000147dd   Thumb Code    84  main.o(.text)
    rr_interval_timeout_handler              0x00014831   Thumb Code    36  main.o(.text)
    sensor_contact_detected_timeout_handler  0x00014855   Thumb Code    24  main.o(.text)
    timers_init                              0x0001486d   Thumb Code   128  main.o(.text)
    services_init                            0x000148ed   Thumb Code   228  main.o(.text)
    on_conn_params_evt                       0x000149d1   Thumb Code    32  main.o(.text)
    conn_params_error_handler                0x000149f1   Thumb Code    10  main.o(.text)
    ble_evt_dispatch                         0x000149fb   Thumb Code    40  main.o(.text)
    sys_evt_dispatch                         0x00014a23   Thumb Code     8  main.o(.text)
    bond_manager_error_handler               0x00014a2b   Thumb Code    10  main.o(.text)
    twi_master_write                         0x00014c6d   Thumb Code   104  main.o(.text)
    twi_master_read                          0x00014cd5   Thumb Code   108  main.o(.text)
    advertising_start                        0x00014d41   Thumb Code    30  main.o(.text)
    gap_params_init                          0x00014d5f   Thumb Code    84  main.o(.text)
    advertising_init                         0x00014db3   Thumb Code   106  main.o(.text)
    sensor_sim_init                          0x00014e1d   Thumb Code    88  main.o(.text)
    sec_params_init                          0x00014e75   Thumb Code    36  main.o(.text)
    application_timers_start                 0x00014e99   Thumb Code   204  main.o(.text)
    on_ble_evt                               0x00014f65   Thumb Code   118  main.o(.text)
    ble_stack_init                           0x00014fdb   Thumb Code    66  main.o(.text)
    bond_manager_init                        0x0001501d   Thumb Code   106  main.o(.text)
    .text                                    0x000150ac   Section        0  ble_dis.o(.text)
    sys_id_encode                            0x000150ad   Thumb Code    86  ble_dis.o(.text)
    pnp_id_encode                            0x00015103   Thumb Code    62  ble_dis.o(.text)
    char_add                                 0x00015141   Thumb Code   152  ble_dis.o(.text)
    .text                                    0x0001534c   Section        0  ble_bas.o(.text)
    battery_level_char_add                   0x000153a3   Thumb Code   294  ble_bas.o(.text)
    .text                                    0x00015570   Section        0  ble_hrs.o(.text)
    hrm_encode                               0x000155c1   Thumb Code   136  ble_hrs.o(.text)
    heart_rate_measurement_char_add          0x00015649   Thumb Code   168  ble_hrs.o(.text)
    body_sensor_location_char_add            0x00015803   Thumb Code   128  ble_hrs.o(.text)
    .text                                    0x00015890   Section        0  ble_advdata.o(.text)
    uuid_list_sized_encode                   0x00015891   Thumb Code   162  ble_advdata.o(.text)
    uuid_list_encode                         0x00015933   Thumb Code    38  ble_advdata.o(.text)
    adv_data_encode                          0x00015959   Thumb Code   360  ble_advdata.o(.text)
    uint16_encode                            0x00015b27   Thumb Code    10  ble_advdata.o(.text)
    name_encode                              0x00015b31   Thumb Code   106  ble_advdata.o(.text)
    conn_int_encode                          0x00015b9b   Thumb Code   126  ble_advdata.o(.text)
    manuf_specific_data_encode               0x00015c19   Thumb Code   100  ble_advdata.o(.text)
    service_data_encode                      0x00015c7d   Thumb Code   122  ble_advdata.o(.text)
    .text                                    0x00015cfc   Section        0  ble_srv_common.o(.text)
    .text                                    0x00015d1a   Section        0  ble_sensorsim.o(.text)
    .text                                    0x00015d68   Section        0  app_timer.o(.text)
    NVIC_SetPriority                         0x00015d69   Thumb Code    60  app_timer.o(.text)
    timer_list_insert                        0x00015da5   Thumb Code    94  app_timer.o(.text)
    timer_timeouts_check                     0x00015e03   Thumb Code   122  app_timer.o(.text)
    list_insertions_handler                  0x00015e7d   Thumb Code   216  app_timer.o(.text)
    user_id_get                              0x000160a3   Thumb Code    70  app_timer.o(.text)
    rtc1_stop                                0x00016259   Thumb Code    34  app_timer.o(.text)
    timer_list_handler_sched                 0x0001627b   Thumb Code    12  app_timer.o(.text)
    elapsed_ticks_acquire                    0x00016287   Thumb Code    58  app_timer.o(.text)
    list_deletions_handler                   0x000162c1   Thumb Code   144  app_timer.o(.text)
    expired_timers_handler                   0x00016351   Thumb Code    82  app_timer.o(.text)
    compare_reg_update                       0x000163a3   Thumb Code   134  app_timer.o(.text)
    user_op_alloc                            0x00016429   Thumb Code    36  app_timer.o(.text)
    timer_list_remove                        0x0001644d   Thumb Code    88  app_timer.o(.text)
    .text                                    0x000164bc   Section        0  softdevice_handler.o(.text)
    .text                                    0x00016600   Section        0  ble_conn_params.o(.text)
    update_timeout_handler                   0x00016601   Thumb Code    86  ble_conn_params.o(.text)
    conn_params_negotiation                  0x000166ab   Thumb Code    86  ble_conn_params.o(.text)
    is_conn_params_ok                        0x000167d1   Thumb Code    26  ble_conn_params.o(.text)
    .text                                    0x000167fc   Section        0  ble_bondmngr.o(.text)
    bond_info_store                          0x000167fd   Thumb Code   116  ble_bondmngr.o(.text)
    sys_attr_store                           0x00016871   Thumb Code   118  ble_bondmngr.o(.text)
    central_sys_attr_set                     0x000168e7   Thumb Code    34  ble_bondmngr.o(.text)
    update_whitelist                         0x00016909   Thumb Code    92  ble_bondmngr.o(.text)
    on_auth_status_from_new_central          0x00016965   Thumb Code   150  ble_bondmngr.o(.text)
    central_find_in_db                       0x000169fb   Thumb Code    54  ble_bondmngr.o(.text)
    load_all_from_flash                      0x00016a31   Thumb Code   170  ble_bondmngr.o(.text)
    on_connect                               0x00016adb   Thumb Code   180  ble_bondmngr.o(.text)
    auth_status_update                       0x00016b8f   Thumb Code   142  ble_bondmngr.o(.text)
    bm_pstorage_cb_handler                   0x00016f15   Thumb Code    12  ble_bondmngr.o(.text)
    bonding_info_load_from_flash             0x00017107   Thumb Code   124  ble_bondmngr.o(.text)
    sys_attr_load_from_flash                 0x00017183   Thumb Code   122  ble_bondmngr.o(.text)
    flash_pages_erase                        0x000171fd   Thumb Code    28  ble_bondmngr.o(.text)
    central_update                           0x00017219   Thumb Code    80  ble_bondmngr.o(.text)
    on_sec_info_request                      0x00017269   Thumb Code    96  ble_bondmngr.o(.text)
    on_sec_update                            0x000172c9   Thumb Code    90  ble_bondmngr.o(.text)
    crc_extract                              0x00017323   Thumb Code    26  ble_bondmngr.o(.text)
    .text                                    0x0001734c   Section        0  pstorage.o(.text)
    cmd_queue_init_element                   0x0001734d   Thumb Code    26  pstorage.o(.text)
    process_cmd                              0x00017367   Thumb Code   112  pstorage.o(.text)
    cmd_queue_enqueue                        0x000173d7   Thumb Code   110  pstorage.o(.text)
    app_notify                               0x00017445   Thumb Code    44  pstorage.o(.text)
    is_word_aligned                          0x0001778f   Thumb Code    12  pstorage.o(.text)
    cmd_queue_dequeue                        0x0001779b   Thumb Code    70  pstorage.o(.text)
    .text                                    0x000177ec   Section        0  crc16.o(.text)
    .text                                    0x00017828   Section        0  memcmp.o(.text)
    .text                                    0x00017884   Section        0  strlen.o(.text)
    .text                                    0x000178c8   Section        0  rt_memcpy.o(.text)
    .text                                    0x0001794a   Section        0  rt_memmove.o(.text)
    .text                                    0x000179e0   Section        0  rt_memclr.o(.text)
    .text                                    0x00017a20   Section      346  aeabi_sdiv.o(.text)
    .text                                    0x00017b7a   Section        0  heapauxi.o(.text)
    .text                                    0x00017b80   Section       62  sys_stackheap_outer.o(.text)
    .text                                    0x00017bbe   Section        0  exit.o(.text)
    .text                                    0x00017bcc   Section        8  libspace.o(.text)
    .text                                    0x00017bd4   Section        0  sys_exit.o(.text)
    .text                                    0x00017be0   Section        2  use_no_semi.o(.text)
    .text                                    0x00017be2   Section        0  __dczerorl2.o(.text)
    .text                                    0x00017be2   Section        0  indicate_semi.o(.text)
    .constdata                               0x00017c38   Section      110  main.o(.constdata)
    .data                                    0x20002000   Section        4  system_nrf51.o(.data)
    __tagsym$$used                           0x20002000   Number         0  system_nrf51.o(.data)
    .data                                    0x20002004   Section      328  main.o(.data)
    m_rr_interval_enabled                    0x20002004   Data           1  main.o(.data)
    sensor_contact_detected                  0x20002005   Data           1  main.o(.data)
    m_conn_handle                            0x20002006   Data           2  main.o(.data)
    cnt                                      0x20002008   Data           4  main.o(.data)
    m_battery_timer_id                       0x2000200c   Data           4  main.o(.data)
    m_heart_rate_timer_id                    0x20002010   Data           4  main.o(.data)
    m_rr_interval_timer_id                   0x20002014   Data           4  main.o(.data)
    m_sensor_contact_timer_id                0x20002018   Data           4  main.o(.data)
    m_sec_params                             0x2000201c   Data           6  main.o(.data)
    m_battery_sim_state                      0x20002024   Data           8  main.o(.data)
    m_heart_rate_sim_state                   0x2000202c   Data           8  main.o(.data)
    m_rr_interval_sim_state                  0x20002034   Data           8  main.o(.data)
    buffer_ff                                0x2000203c   Data          16  main.o(.data)
    buffer_bt_q5                             0x2000204c   Data          16  main.o(.data)
    buffer_bt_q6                             0x2000205c   Data          16  main.o(.data)
    buffer_bt_q9                             0x2000206c   Data          16  main.o(.data)
    buffer_bt_q10                            0x2000207c   Data          16  main.o(.data)
    buffer_bt_q11                            0x2000208c   Data          16  main.o(.data)
    buffer_bt_q12                            0x2000209c   Data          16  main.o(.data)
    buffer_bt_q13                            0x200020ac   Data          16  main.o(.data)
    buffer_bt_q14                            0x200020bc   Data          16  main.o(.data)
    buffer_bt_q15                            0x200020cc   Data          16  main.o(.data)
    buffer_bt_q16                            0x200020dc   Data          16  main.o(.data)
    buffer_bt_q18                            0x200020ec   Data          16  main.o(.data)
    buffer_bt_q20                            0x200020fc   Data          16  main.o(.data)
    buffer10on                               0x2000210c   Data          16  main.o(.data)
    buffer11on                               0x2000211c   Data          16  main.o(.data)
    buffer14on                               0x2000212c   Data          16  main.o(.data)
    buffer15on                               0x2000213c   Data          16  main.o(.data)
    .data                                    0x2000214c   Section       74  ble_dis.o(.data)
    service_handle                           0x2000214c   Data           2  ble_dis.o(.data)
    manufact_name_handles                    0x2000214e   Data           8  ble_dis.o(.data)
    model_num_handles                        0x20002156   Data           8  ble_dis.o(.data)
    serial_num_handles                       0x2000215e   Data           8  ble_dis.o(.data)
    hw_rev_handles                           0x20002166   Data           8  ble_dis.o(.data)
    fw_rev_handles                           0x2000216e   Data           8  ble_dis.o(.data)
    sw_rev_handles                           0x20002176   Data           8  ble_dis.o(.data)
    sys_id_handles                           0x2000217e   Data           8  ble_dis.o(.data)
    reg_cert_data_list_handles               0x20002186   Data           8  ble_dis.o(.data)
    pnp_id_handles                           0x2000218e   Data           8  ble_dis.o(.data)
    .data                                    0x20002198   Section       32  app_timer.o(.data)
    m_node_array_size                        0x20002198   Data           1  app_timer.o(.data)
    m_user_array_size                        0x20002199   Data           1  app_timer.o(.data)
    m_ticks_elapsed_q_read_ind               0x2000219a   Data           1  app_timer.o(.data)
    m_ticks_elapsed_q_write_ind              0x2000219b   Data           1  app_timer.o(.data)
    mp_nodes                                 0x2000219c   Data           4  app_timer.o(.data)
    mp_users                                 0x200021a0   Data           4  app_timer.o(.data)
    m_timer_id_head                          0x200021a4   Data           4  app_timer.o(.data)
    m_ticks_latest                           0x200021a8   Data           4  app_timer.o(.data)
    m_evt_schedule_func                      0x200021ac   Data           4  app_timer.o(.data)
    m_ticks_elapsed                          0x200021b0   Data           8  app_timer.o(.data)
    .data                                    0x200021b8   Section       20  softdevice_handler.o(.data)
    m_softdevice_enabled                     0x200021b8   Data           1  softdevice_handler.o(.data)
    m_ble_evt_buffer_size                    0x200021ba   Data           2  softdevice_handler.o(.data)
    m_evt_schedule_func                      0x200021bc   Data           4  softdevice_handler.o(.data)
    m_evt_buffer                             0x200021c0   Data           4  softdevice_handler.o(.data)
    m_ble_evt_handler                        0x200021c4   Data           4  softdevice_handler.o(.data)
    m_sys_evt_handler                        0x200021c8   Data           4  softdevice_handler.o(.data)
    .data                                    0x200021cc   Section       24  ble_conn_params.o(.data)
    m_change_param                           0x200021cc   Data           1  ble_conn_params.o(.data)
    m_update_count                           0x200021cd   Data           1  ble_conn_params.o(.data)
    m_conn_handle                            0x200021ce   Data           2  ble_conn_params.o(.data)
    m_conn_params_timer_id                   0x200021d0   Data           4  ble_conn_params.o(.data)
    m_preferred_conn_params                  0x200021d4   Data           8  ble_conn_params.o(.data)
    m_current_conn_params                    0x200021dc   Data           8  ble_conn_params.o(.data)
    .data                                    0x200021e4   Section       32  ble_bondmngr.o(.data)
    m_is_bondmngr_initialized                0x200021e4   Data           1  ble_bondmngr.o(.data)
    m_centrals_in_db_count                   0x200021e5   Data           1  ble_bondmngr.o(.data)
    m_addr_count                             0x200021e6   Data           1  ble_bondmngr.o(.data)
    m_irk_count                              0x200021e7   Data           1  ble_bondmngr.o(.data)
    m_bond_info_in_flash_count               0x200021e8   Data           1  ble_bondmngr.o(.data)
    m_sys_attr_in_flash_count                0x200021e9   Data           1  ble_bondmngr.o(.data)
    m_sec_con_status                         0x200021ea   Data           1  ble_bondmngr.o(.data)
    m_bond_loaded                            0x200021eb   Data           1  ble_bondmngr.o(.data)
    m_sys_attr_loaded                        0x200021ec   Data           1  ble_bondmngr.o(.data)
    m_conn_handle                            0x200021ee   Data           2  ble_bondmngr.o(.data)
    m_crc_bond_info                          0x200021f0   Data           2  ble_bondmngr.o(.data)
    m_crc_sys_attr                           0x200021f2   Data           2  ble_bondmngr.o(.data)
    mp_flash_bond_info                       0x200021f4   Data           8  ble_bondmngr.o(.data)
    mp_flash_sys_attr                        0x200021fc   Data           8  ble_bondmngr.o(.data)
    .data                                    0x20002204   Section       12  pstorage.o(.data)
    m_module_initialized                     0x20002204   Data           1  pstorage.o(.data)
    m_next_app_instance                      0x20002206   Data           2  pstorage.o(.data)
    m_round_val                              0x20002208   Data           2  pstorage.o(.data)
    m_next_page_addr                         0x2000220c   Data           4  pstorage.o(.data)
    .bss                                     0x20002210   Section      908  main.o(.bss)
    APP_TIMER_BUF                            0x20002210   Data         656  main.o(.bss)
    EVT_BUFFER                               0x200024a0   Data          80  main.o(.bss)
    m_adv_params                             0x200024f0   Data          20  main.o(.bss)
    m_bas                                    0x20002504   Data          24  main.o(.bss)
    m_hrs                                    0x2000251c   Data          80  main.o(.bss)
    m_battery_sim_cfg                        0x2000256c   Data          16  main.o(.bss)
    m_heart_rate_sim_cfg                     0x2000257c   Data          16  main.o(.bss)
    m_rr_interval_sim_cfg                    0x2000258c   Data          16  main.o(.bss)
    .bss                                     0x2000259c   Section       28  ble_conn_params.o(.bss)
    m_conn_params_config                     0x2000259c   Data          28  ble_conn_params.o(.bss)
    .bss                                     0x200025b8   Section     1068  ble_bondmngr.o(.bss)
    s_addr                                   0x200025b8   Data          28  ble_bondmngr.o(.bss)
    s_irk                                    0x200025d4   Data          28  ble_bondmngr.o(.bss)
    m_bondmngr_config                        0x200025f0   Data          12  ble_bondmngr.o(.bss)
    m_central                                0x200025fc   Data         104  ble_bondmngr.o(.bss)
    m_centrals_db                            0x20002664   Data         728  ble_bondmngr.o(.bss)
    m_whitelist_addr                         0x2000293c   Data          56  ble_bondmngr.o(.bss)
    m_whitelist_irk                          0x20002974   Data          56  ble_bondmngr.o(.bss)
    m_bond_crc_array                         0x200029ac   Data          28  ble_bondmngr.o(.bss)
    m_sys_crc_array                          0x200029c8   Data          28  ble_bondmngr.o(.bss)
    .bss                                     0x200029e4   Section      636  pstorage.o(.bss)
    m_cmd_queue                              0x200029e4   Data         604  pstorage.o(.bss)
    m_app_table                              0x20002c40   Data          32  pstorage.o(.bss)
    .bss                                     0x20002c60   Section       96  libspace.o(.bss)
    HEAP                                     0x20002cc0   Section     2048  arm_startup_nrf51.o(HEAP)
    Heap_Mem                                 0x20002cc0   Data        2048  arm_startup_nrf51.o(HEAP)
    STACK                                    0x200034c0   Section     2048  arm_startup_nrf51.o(STACK)
    Stack_Mem                                0x200034c0   Data        2048  arm_startup_nrf51.o(STACK)
    __initial_sp                             0x20003cc0   Data           0  arm_startup_nrf51.o(STACK)

    Global Symbols

    Symbol Name                              Value     Ov Type        Size  Object(Section)

    BuildAttributes$$THM_ISAv3M$S$PE$A:L22$X:L11$S22$IEEE1$IW$USESV6$~STKCKD$USESV7$ENUMINT$~SHL$OSPACE$ROPI$EBA8$UX$STANDARDLIB$REQ8$PRES8$EABIv2 0x00000000   Number         0  anon$$obj.o ABSOLUTE
    __ARM_use_no_argv                        0x00000000   Number         0  main.o ABSOLUTE
    __ARM_exceptions_init                     - Undefined Weak Reference
    __alloca_initialize                       - Undefined Weak Reference
    __cpp_initialize__aeabi_                  - Undefined Weak Reference
    __cxa_finalize                            - Undefined Weak Reference
    __rt_locale                               - Undefined Weak Reference
    __sigvec_lookup                           - Undefined Weak Reference
    _atexit_init                              - Undefined Weak Reference
    _call_atexit_fns                          - Undefined Weak Reference
    _clock_init                               - Undefined Weak Reference
    _fp_trap_init                             - Undefined Weak Reference
    _fp_trap_shutdown                         - Undefined Weak Reference
    _get_lc_collate                           - Undefined Weak Reference
    _get_lc_ctype                             - Undefined Weak Reference
    _get_lc_monetary                          - Undefined Weak Reference
    _get_lc_numeric                           - Undefined Weak Reference
    _get_lc_time                              - Undefined Weak Reference
    _getenv_init                              - Undefined Weak Reference
    _handle_redirection                       - Undefined Weak Reference
    _init_alloc                               - Undefined Weak Reference
    _init_user_alloc                          - Undefined Weak Reference
    _initio                                   - Undefined Weak Reference
    _rand_init                                - Undefined Weak Reference
    _signal_finish                            - Undefined Weak Reference
    _signal_init                              - Undefined Weak Reference
    _terminate_alloc                          - Undefined Weak Reference
    _terminate_user_alloc                     - Undefined Weak Reference
    _terminateio                              - Undefined Weak Reference
    __Vectors_Size                           0x000000c0   Number         0  arm_startup_nrf51.o ABSOLUTE
    __Vectors                                0x00014000   Data           4  arm_startup_nrf51.o(RESET)
    __Vectors_End                            0x000140c0   Data           0  arm_startup_nrf51.o(RESET)
    __main                                   0x000140c1   Thumb Code     8  __main.o(!!!main)
    __scatterload                            0x000140c9   Thumb Code     0  __scatter.o(!!!scatter)
    __scatterload_rt2                        0x000140c9   Thumb Code    52  __scatter.o(!!!scatter)
    __scatterload_rt2_thumb_only             0x000140c9   Thumb Code     0  __scatter.o(!!!scatter)
    __scatterload_null                       0x000140d9   Thumb Code     0  __scatter.o(!!!scatter)
    __scatterload_zeroinit                   0x00014105   Thumb Code    28  __scatter_zi.o(!!handler_zi)
    __rt_lib_init                            0x00014121   Thumb Code     0  libinit.o(.ARM.Collect$$libinit$$00000000)
    __rt_lib_init_fp_1                       0x00014123   Thumb Code     0  libinit2.o(.ARM.Collect$$libinit$$00000001)
    __rt_lib_init_alloca_1                   0x00014127   Thumb Code     0  libinit2.o(.ARM.Collect$$libinit$$0000002C)
    __rt_lib_init_argv_1                     0x00014127   Thumb Code     0  libinit2.o(.ARM.Collect$$libinit$$0000002A)
    __rt_lib_init_atexit_1                   0x00014127   Thumb Code     0  libinit2.o(.ARM.Collect$$libinit$$00000019)
    __rt_lib_init_clock_1                    0x00014127   Thumb Code     0  libinit2.o(.ARM.Collect$$libinit$$0000001F)
    __rt_lib_init_cpp_1                      0x00014127   Thumb Code     0  libinit2.o(.ARM.Collect$$libinit$$00000030)
    __rt_lib_init_exceptions_1               0x00014127   Thumb Code     0  libinit2.o(.ARM.Collect$$libinit$$0000002E)
    __rt_lib_init_fp_trap_1                  0x00014127   Thumb Code     0  libinit2.o(.ARM.Collect$$libinit$$0000001D)
    __rt_lib_init_getenv_1                   0x00014127   Thumb Code     0  libinit2.o(.ARM.Collect$$libinit$$00000021)
    __rt_lib_init_heap_1                     0x00014127   Thumb Code     0  libinit2.o(.ARM.Collect$$libinit$$00000008)
    __rt_lib_init_lc_collate_1               0x00014127   Thumb Code     0  libinit2.o(.ARM.Collect$$libinit$$0000000F)
    __rt_lib_init_lc_ctype_1                 0x00014127   Thumb Code     0  libinit2.o(.ARM.Collect$$libinit$$00000011)
    __rt_lib_init_lc_monetary_1              0x00014127   Thumb Code     0  libinit2.o(.ARM.Collect$$libinit$$00000013)
    __rt_lib_init_lc_numeric_1               0x00014127   Thumb Code     0  libinit2.o(.ARM.Collect$$libinit$$00000015)
    __rt_lib_init_lc_time_1                  0x00014127   Thumb Code     0  libinit2.o(.ARM.Collect$$libinit$$00000017)
    __rt_lib_init_rand_1                     0x00014127   Thumb Code     0  libinit2.o(.ARM.Collect$$libinit$$0000000C)
    __rt_lib_init_return                     0x00014127   Thumb Code     0  libinit2.o(.ARM.Collect$$libinit$$00000031)
    __rt_lib_init_signal_1                   0x00014127   Thumb Code     0  libinit2.o(.ARM.Collect$$libinit$$0000001B)
    __rt_lib_init_stdio_1                    0x00014127   Thumb Code     0  libinit2.o(.ARM.Collect$$libinit$$00000023)
    __rt_lib_init_user_alloc_1               0x00014127   Thumb Code     0  libinit2.o(.ARM.Collect$$libinit$$0000000A)
    __rt_lib_shutdown                        0x00014129   Thumb Code     0  libshutdown.o(.ARM.Collect$$libshutdown$$00000000)
    __rt_lib_shutdown_fp_trap_1              0x0001412b   Thumb Code     0  libshutdown2.o(.ARM.Collect$$libshutdown$$00000006)
    __rt_lib_shutdown_heap_1                 0x0001412b   Thumb Code     0  libshutdown2.o(.ARM.Collect$$libshutdown$$0000000E)
    __rt_lib_shutdown_return                 0x0001412b   Thumb Code     0  libshutdown2.o(.ARM.Collect$$libshutdown$$0000000F)
    __rt_lib_shutdown_signal_1               0x0001412b   Thumb Code     0  libshutdown2.o(.ARM.Collect$$libshutdown$$00000009)
    __rt_lib_shutdown_stdio_1                0x0001412b   Thumb Code     0  libshutdown2.o(.ARM.Collect$$libshutdown$$00000003)
    __rt_lib_shutdown_user_alloc_1           0x0001412b   Thumb Code     0  libshutdown2.o(.ARM.Collect$$libshutdown$$0000000B)
    __rt_entry                               0x0001412d   Thumb Code     0  rtentry.o(.ARM.Collect$$rtentry$$00000000)
    __rt_entry_presh_1                       0x0001412d   Thumb Code     0  rtentry2.o(.ARM.Collect$$rtentry$$00000002)
    __rt_entry_sh                            0x0001412d   Thumb Code     0  rtentry4.o(.ARM.Collect$$rtentry$$00000004)
    __rt_entry_li                            0x00014133   Thumb Code     0  rtentry2.o(.ARM.Collect$$rtentry$$0000000A)
    __rt_entry_postsh_1                      0x00014133   Thumb Code     0  rtentry2.o(.ARM.Collect$$rtentry$$00000009)
    __rt_entry_main                          0x00014137   Thumb Code     0  rtentry2.o(.ARM.Collect$$rtentry$$0000000D)
    __rt_entry_postli_1                      0x00014137   Thumb Code     0  rtentry2.o(.ARM.Collect$$rtentry$$0000000C)
    __rt_exit                                0x0001413f   Thumb Code     0  rtexit.o(.ARM.Collect$$rtexit$$00000000)
    __rt_exit_ls                             0x00014141   Thumb Code     0  rtexit2.o(.ARM.Collect$$rtexit$$00000003)
    __rt_exit_prels_1                        0x00014141   Thumb Code     0  rtexit2.o(.ARM.Collect$$rtexit$$00000002)
    __rt_exit_exit                           0x00014145   Thumb Code     0  rtexit2.o(.ARM.Collect$$rtexit$$00000004)
    __asm___6_main_c_959ec897__nrf_delay_us  0x0001414d   Thumb Code    30  main.o(.emb_text)
    __asm___11_app_timer_c_cd27f9c3__nrf_delay_us 0x0001416d   Thumb Code    30  app_timer.o(.emb_text)
    __aeabi_memcpy4                          0x0001418d   Thumb Code    56  rt_memcpy.o(.emb_text)
    __aeabi_memcpy8                          0x0001418d   Thumb Code     0  rt_memcpy.o(.emb_text)
    Reset_Handler                            0x000141c5   Thumb Code    18  arm_startup_nrf51.o(.text)
    NMI_Handler                              0x000141d7   Thumb Code     2  arm_startup_nrf51.o(.text)
    HardFault_Handler                        0x000141d9   Thumb Code     2  arm_startup_nrf51.o(.text)
    SVC_Handler                              0x000141db   Thumb Code     2  arm_startup_nrf51.o(.text)
    PendSV_Handler                           0x000141dd   Thumb Code     2  arm_startup_nrf51.o(.text)
    SysTick_Handler                          0x000141df   Thumb Code     2  arm_startup_nrf51.o(.text)
    ADC_IRQHandler                           0x000141e1   Thumb Code     0  arm_startup_nrf51.o(.text)
    CCM_AAR_IRQHandler                       0x000141e1   Thumb Code     0  arm_startup_nrf51.o(.text)
    ECB_IRQHandler                           0x000141e1   Thumb Code     0  arm_startup_nrf51.o(.text)
    GPIOTE_IRQHandler                        0x000141e1   Thumb Code     0  arm_startup_nrf51.o(.text)
    LPCOMP_COMP_IRQHandler                   0x000141e1   Thumb Code     0  arm_startup_nrf51.o(.text)
    POWER_CLOCK_IRQHandler                   0x000141e1   Thumb Code     0  arm_startup_nrf51.o(.text)
    QDEC_IRQHandler                          0x000141e1   Thumb Code     0  arm_startup_nrf51.o(.text)
    RADIO_IRQHandler                         0x000141e1   Thumb Code     0  arm_startup_nrf51.o(.text)
    RNG_IRQHandler                           0x000141e1   Thumb Code     0  arm_startup_nrf51.o(.text)
    RTC0_IRQHandler                          0x000141e1   Thumb Code     0  arm_startup_nrf51.o(.text)
    SPI0_TWI0_IRQHandler                     0x000141e1   Thumb Code     0  arm_startup_nrf51.o(.text)
    SPI1_TWI1_IRQHandler                     0x000141e1   Thumb Code     0  arm_startup_nrf51.o(.text)
    SWI1_IRQHandler                          0x000141e1   Thumb Code     0  arm_startup_nrf51.o(.text)
    SWI3_IRQHandler                          0x000141e1   Thumb Code     0  arm_startup_nrf51.o(.text)
    SWI4_IRQHandler                          0x000141e1   Thumb Code     0  arm_startup_nrf51.o(.text)
    SWI5_IRQHandler                          0x000141e1   Thumb Code     0  arm_startup_nrf51.o(.text)
    TEMP_IRQHandler                          0x000141e1   Thumb Code     0  arm_startup_nrf51.o(.text)
    TIMER0_IRQHandler                        0x000141e1   Thumb Code     0  arm_startup_nrf51.o(.text)
    TIMER1_IRQHandler                        0x000141e1   Thumb Code     0  arm_startup_nrf51.o(.text)
    TIMER2_IRQHandler                        0x000141e1   Thumb Code     0  arm_startup_nrf51.o(.text)
    UART0_IRQHandler                         0x000141e1   Thumb Code     0  arm_startup_nrf51.o(.text)
    WDT_IRQHandler                           0x000141e1   Thumb Code     0  arm_startup_nrf51.o(.text)
    __user_initial_stackheap                 0x000141e5   Thumb Code     0  arm_startup_nrf51.o(.text)
    SystemCoreClockUpdate                    0x0001420d   Thumb Code     8  system_nrf51.o(.text)
    SystemInit                               0x00014215   Thumb Code    64  system_nrf51.o(.text)
    twi_master_init                          0x0001432d   Thumb Code    62  main.o(.text)
    twi_master_transfer                      0x0001436b   Thumb Code    66  main.o(.text)
    TOUCH_init                               0x000143ad   Thumb Code   376  main.o(.text)
    twi_oled_write                           0x00014525   Thumb Code   100  main.o(.text)
    OLED_clear                               0x00014589   Thumb Code    20  main.o(.text)
    OLED_display                             0x0001459d   Thumb Code   502  main.o(.text)
    app_error_handler                        0x00014793   Thumb Code    16  main.o(.text)
    assert_nrf_callback                      0x000147a3   Thumb Code    16  main.o(.text)
    OLED_invertDisplay                       0x00014a35   Thumb Code    32  main.o(.text)
    OLED_init                                0x00014a55   Thumb Code    74  main.o(.text)
    OLED_startscrollright                    0x00014a9f   Thumb Code   130  main.o(.text)
    OLED_startscrollleft                     0x00014b21   Thumb Code    30  main.o(.text)
    OLED_startscrolldiagright                0x00014b3f   Thumb Code    40  main.o(.text)
    OLED_startscrolldiagleft                 0x00014b67   Thumb Code    40  main.o(.text)
    OLED_stopscroll                          0x00014b8f   Thumb Code    22  main.o(.text)
    OLED_dim                                 0x00014ba5   Thumb Code    24  main.o(.text)
    main                                     0x00014bbd   Thumb Code   176  main.o(.text)
    ble_dis_init                             0x000151d9   Thumb Code   308  ble_dis.o(.text)
    ble_bas_on_ble_evt                       0x0001534d   Thumb Code    86  ble_bas.o(.text)
    ble_bas_init                             0x000154c9   Thumb Code    56  ble_bas.o(.text)
    ble_bas_battery_level_update             0x00015501   Thumb Code    96  ble_bas.o(.text)
    ble_hrs_on_ble_evt                       0x00015571   Thumb Code    80  ble_hrs.o(.text)
    ble_hrs_init                             0x000156f1   Thumb Code    86  ble_hrs.o(.text)
    ble_hrs_heart_rate_measurement_send      0x00015747   Thumb Code    82  ble_hrs.o(.text)
    ble_hrs_rr_interval_add                  0x00015799   Thumb Code    46  ble_hrs.o(.text)
    ble_hrs_rr_interval_buffer_is_full       0x000157c7   Thumb Code    16  ble_hrs.o(.text)
    ble_hrs_sensor_contact_supported_set     0x000157d7   Thumb Code    18  ble_hrs.o(.text)
    ble_hrs_sensor_contact_detected_update   0x000157e9   Thumb Code     6  ble_hrs.o(.text)
    ble_hrs_body_sensor_location_set         0x000157ef   Thumb Code    20  ble_hrs.o(.text)
    ble_advdata_set                          0x00015ac1   Thumb Code   102  ble_advdata.o(.text)
    ble_srv_report_ref_encode                0x00015cfd   Thumb Code    12  ble_srv_common.o(.text)
    ble_srv_ascii_to_utf8                    0x00015d09   Thumb Code    18  ble_srv_common.o(.text)
    ble_sensorsim_init                       0x00015d1b   Thumb Code    24  ble_sensorsim.o(.text)
    ble_sensorsim_measure                    0x00015d33   Thumb Code    54  ble_sensorsim.o(.text)
    RTC1_IRQHandler                          0x00015f55   Thumb Code    22  app_timer.o(.text)
    SWI0_IRQHandler                          0x00015f6b   Thumb Code    76  app_timer.o(.text)
    app_timer_init                           0x00015fb7   Thumb Code   164  app_timer.o(.text)
    app_timer_create                         0x0001605b   Thumb Code    72  app_timer.o(.text)
    app_timer_start                          0x000160e9   Thumb Code   204  app_timer.o(.text)
    app_timer_stop                           0x000161b5   Thumb Code    80  app_timer.o(.text)
    app_timer_stop_all                       0x00016205   Thumb Code    62  app_timer.o(.text)
    app_timer_cnt_get                        0x00016243   Thumb Code    10  app_timer.o(.text)
    app_timer_cnt_diff_compute               0x0001624d   Thumb Code    12  app_timer.o(.text)
    softdevice_assertion_handler             0x000164bd   Thumb Code    12  softdevice_handler.o(.text)
    intern_softdevice_events_execute         0x000164c9   Thumb Code   124  softdevice_handler.o(.text)
    softdevice_handler_init                  0x00016545   Thumb Code    40  softdevice_handler.o(.text)
    softdevice_handler_sd_disable            0x0001656d   Thumb Code    18  softdevice_handler.o(.text)
    softdevice_ble_evt_handler_set           0x0001657f   Thumb Code    16  softdevice_handler.o(.text)
    softdevice_sys_evt_handler_set           0x0001658f   Thumb Code    16  softdevice_handler.o(.text)
    SWI2_IRQHandler                          0x0001659f   Thumb Code    34  softdevice_handler.o(.text)
    ble_conn_params_init                     0x00016657   Thumb Code    72  ble_conn_params.o(.text)
    ble_conn_params_stop                     0x0001669f   Thumb Code    12  ble_conn_params.o(.text)
    ble_conn_params_on_ble_evt               0x00016701   Thumb Code   134  ble_conn_params.o(.text)
    ble_conn_params_change_conn_params       0x00016787   Thumb Code    74  ble_conn_params.o(.text)
    ble_bondmngr_on_ble_evt                  0x00016c1d   Thumb Code   222  ble_bondmngr.o(.text)
    ble_bondmngr_bonded_centrals_store       0x00016cfb   Thumb Code   278  ble_bondmngr.o(.text)
    ble_bondmngr_sys_attr_store              0x00016e11   Thumb Code    78  ble_bondmngr.o(.text)
    ble_bondmngr_bonded_centrals_delete      0x00016e5f   Thumb Code    28  ble_bondmngr.o(.text)
    ble_bondmngr_central_addr_get            0x00016e7b   Thumb Code    56  ble_bondmngr.o(.text)
    ble_bondmngr_whitelist_get               0x00016eb3   Thumb Code    98  ble_bondmngr.o(.text)
    ble_bondmngr_init                        0x00016f21   Thumb Code   164  ble_bondmngr.o(.text)
    ble_bondmngr_central_ids_get             0x00016fc5   Thumb Code    88  ble_bondmngr.o(.text)
    ble_bondmngr_bonded_central_delete       0x0001701d   Thumb Code   210  ble_bondmngr.o(.text)
    ble_bondmngr_is_link_encrypted           0x000170ef   Thumb Code    24  ble_bondmngr.o(.text)
    pstorage_sys_event_handler               0x00017471   Thumb Code    74  pstorage.o(.text)
    pstorage_init                            0x000174bb   Thumb Code    98  pstorage.o(.text)
    pstorage_register                        0x0001751d   Thumb Code   200  pstorage.o(.text)
    pstorage_block_identifier_get            0x000175e5   Thumb Code    76  pstorage.o(.text)
    pstorage_store                           0x00017631   Thumb Code   126  pstorage.o(.text)
    pstorage_load                            0x000176af   Thumb Code   146  pstorage.o(.text)
    pstorage_clear                           0x00017741   Thumb Code    78  pstorage.o(.text)
    crc16_compute                            0x000177ed   Thumb Code    54  crc16.o(.text)
    memcmp                                   0x00017829   Thumb Code    90  memcmp.o(.text)
    strlen                                   0x00017885   Thumb Code    62  strlen.o(.text)
    __aeabi_memcpy                           0x000178c9   Thumb Code   130  rt_memcpy.o(.text)
    __rt_memcpy                              0x000178c9   Thumb Code     0  rt_memcpy.o(.text)
    __aeabi_memmove4                         0x0001794b   Thumb Code    70  rt_memmove.o(.text)
    __aeabi_memmove8                         0x0001794b   Thumb Code     0  rt_memmove.o(.text)
    __aeabi_memmove                          0x00017991   Thumb Code    80  rt_memmove.o(.text)
    __rt_memmove                             0x00017991   Thumb Code     0  rt_memmove.o(.text)
    _memset_w                                0x000179e1   Thumb Code    26  rt_memclr.o(.text)
    _memset                                  0x000179fb   Thumb Code    30  rt_memclr.o(.text)
    __aeabi_memclr                           0x00017a19   Thumb Code     4  rt_memclr.o(.text)
    __rt_memclr                              0x00017a19   Thumb Code     0  rt_memclr.o(.text)
    __aeabi_memclr4                          0x00017a1d   Thumb Code     0  rt_memclr.o(.text)
    __aeabi_memclr8                          0x00017a1d   Thumb Code     0  rt_memclr.o(.text)
    __rt_memclr_w                            0x00017a1d   Thumb Code     4  rt_memclr.o(.text)
    __aeabi_uidiv                            0x00017a21   Thumb Code     0  aeabi_sdiv.o(.text)
    __aeabi_uidivmod                         0x00017a21   Thumb Code    20  aeabi_sdiv.o(.text)
    __aeabi_idiv                             0x00017a35   Thumb Code     0  aeabi_sdiv.o(.text)
    __aeabi_idivmod                          0x00017a35   Thumb Code   326  aeabi_sdiv.o(.text)
    __use_two_region_memory                  0x00017b7b   Thumb Code     2  heapauxi.o(.text)
    __rt_heap_escrow$2region                 0x00017b7d   Thumb Code     2  heapauxi.o(.text)
    __rt_heap_expand$2region                 0x00017b7f   Thumb Code     2  heapauxi.o(.text)
    __user_setup_stackheap                   0x00017b81   Thumb Code    62  sys_stackheap_outer.o(.text)
    exit                                     0x00017bbf   Thumb Code    12  exit.o(.text)
    __user_libspace                          0x00017bcd   Thumb Code     8  libspace.o(.text)
    __user_perproc_libspace                  0x00017bcd   Thumb Code     0  libspace.o(.text)
    __user_perthread_libspace                0x00017bcd   Thumb Code     0  libspace.o(.text)
    _sys_exit                                0x00017bd5   Thumb Code     8  sys_exit.o(.text)
    __I$use$semihosting                      0x00017be1   Thumb Code     0  use_no_semi.o(.text)
    __use_no_semihosting_swi                 0x00017be1   Thumb Code     2  use_no_semi.o(.text)
    __decompress                             0x00017be3   Thumb Code     0  __dczerorl2.o(.text)
    __decompress1                            0x00017be3   Thumb Code    86  __dczerorl2.o(.text)
    __semihosting_library_function           0x00017be3   Thumb Code     0  indicate_semi.o(.text)
    Region$$Table$$Base                      0x00017ca8   Number         0  anon$$obj.o(Region$$Table)
    Region$$Table$$Limit                     0x00017cc8   Number         0  anon$$obj.o(Region$$Table)
    SystemCoreClock                          0x20002000   Data           4  system_nrf51.o(.data)
    __libspace_start                         0x20002c60   Data          96  libspace.o(.bss)
    __temporary_stack_top$libspace           0x20002cc0   Data           0  libspace.o(.bss)



==============================================================================

Memory Map of the image

  Image Entry point : 0x000140c1

  Load Region LR_IROM1 (Base: 0x00014000, Size: 0x00003ed8, Max: 0x0002b000, ABSOLUTE, COMPRESSED[0x00003d50])

    Execution Region ER_IROM1 (Base: 0x00014000, Size: 0x00003cc8, Max: 0x0002b000, ABSOLUTE)

    Base Addr    Size         Type   Attr      Idx    E Section Name        Object

    0x00014000   0x000000c0   Data   RO            3    RESET               arm_startup_nrf51.o
    0x000140c0   0x00000008   Code   RO          749  * !!!main             c_p.l(__main.o)
    0x000140c8   0x0000003c   Code   RO          917    !!!scatter          c_p.l(__scatter.o)
    0x00014104   0x0000001c   Code   RO          919    !!handler_zi        c_p.l(__scatter_zi.o)
    0x00014120   0x00000002   Code   RO          787    .ARM.Collect$$libinit$$00000000  c_p.l(libinit.o)
    0x00014122   0x00000004   Code   RO          800    .ARM.Collect$$libinit$$00000001  c_p.l(libinit2.o)
    0x00014126   0x00000000   Code   RO          804    .ARM.Collect$$libinit$$00000008  c_p.l(libinit2.o)
    0x00014126   0x00000000   Code   RO          806    .ARM.Collect$$libinit$$0000000A  c_p.l(libinit2.o)
    0x00014126   0x00000000   Code   RO          808    .ARM.Collect$$libinit$$0000000C  c_p.l(libinit2.o)
    0x00014126   0x00000000   Code   RO          811    .ARM.Collect$$libinit$$0000000F  c_p.l(libinit2.o)
    0x00014126   0x00000000   Code   RO          813    .ARM.Collect$$libinit$$00000011  c_p.l(libinit2.o)
    0x00014126   0x00000000   Code   RO          815    .ARM.Collect$$libinit$$00000013  c_p.l(libinit2.o)
    0x00014126   0x00000000   Code   RO          817    .ARM.Collect$$libinit$$00000015  c_p.l(libinit2.o)
    0x00014126   0x00000000   Code   RO          819    .ARM.Collect$$libinit$$00000017  c_p.l(libinit2.o)
    0x00014126   0x00000000   Code   RO          821    .ARM.Collect$$libinit$$00000019  c_p.l(libinit2.o)
    0x00014126   0x00000000   Code   RO          823    .ARM.Collect$$libinit$$0000001B  c_p.l(libinit2.o)
    0x00014126   0x00000000   Code   RO          825    .ARM.Collect$$libinit$$0000001D  c_p.l(libinit2.o)
    0x00014126   0x00000000   Code   RO          827    .ARM.Collect$$libinit$$0000001F  c_p.l(libinit2.o)
    0x00014126   0x00000000   Code   RO          829    .ARM.Collect$$libinit$$00000021  c_p.l(libinit2.o)
    0x00014126   0x00000000   Code   RO          831    .ARM.Collect$$libinit$$00000023  c_p.l(libinit2.o)
    0x00014126   0x00000000   Code   RO          835    .ARM.Collect$$libinit$$0000002A  c_p.l(libinit2.o)
    0x00014126   0x00000000   Code   RO          837    .ARM.Collect$$libinit$$0000002C  c_p.l(libinit2.o)
    0x00014126   0x00000000   Code   RO          839    .ARM.Collect$$libinit$$0000002E  c_p.l(libinit2.o)
    0x00014126   0x00000000   Code   RO          841    .ARM.Collect$$libinit$$00000030  c_p.l(libinit2.o)
    0x00014126   0x00000002   Code   RO          842    .ARM.Collect$$libinit$$00000031  c_p.l(libinit2.o)
    0x00014128   0x00000002   Code   RO          873    .ARM.Collect$$libshutdown$$00000000  c_p.l(libshutdown.o)
    0x0001412a   0x00000000   Code   RO          900    .ARM.Collect$$libshutdown$$00000003  c_p.l(libshutdown2.o)
    0x0001412a   0x00000000   Code   RO          903    .ARM.Collect$$libshutdown$$00000006  c_p.l(libshutdown2.o)
    0x0001412a   0x00000000   Code   RO          906    .ARM.Collect$$libshutdown$$00000009  c_p.l(libshutdown2.o)
    0x0001412a   0x00000000   Code   RO          908    .ARM.Collect$$libshutdown$$0000000B  c_p.l(libshutdown2.o)
    0x0001412a   0x00000000   Code   RO          911    .ARM.Collect$$libshutdown$$0000000E  c_p.l(libshutdown2.o)
    0x0001412a   0x00000002   Code   RO          912    .ARM.Collect$$libshutdown$$0000000F  c_p.l(libshutdown2.o)
    0x0001412c   0x00000000   Code   RO          751    .ARM.Collect$$rtentry$$00000000  c_p.l(rtentry.o)
    0x0001412c   0x00000000   Code   RO          757    .ARM.Collect$$rtentry$$00000002  c_p.l(rtentry2.o)
    0x0001412c   0x00000006   Code   RO          769    .ARM.Collect$$rtentry$$00000004  c_p.l(rtentry4.o)
    0x00014132   0x00000000   Code   RO          759    .ARM.Collect$$rtentry$$00000009  c_p.l(rtentry2.o)
    0x00014132   0x00000004   Code   RO          760    .ARM.Collect$$rtentry$$0000000A  c_p.l(rtentry2.o)
    0x00014136   0x00000000   Code   RO          762    .ARM.Collect$$rtentry$$0000000C  c_p.l(rtentry2.o)
    0x00014136   0x00000008   Code   RO          763    .ARM.Collect$$rtentry$$0000000D  c_p.l(rtentry2.o)
    0x0001413e   0x00000002   Code   RO          792    .ARM.Collect$$rtexit$$00000000  c_p.l(rtexit.o)
    0x00014140   0x00000000   Code   RO          846    .ARM.Collect$$rtexit$$00000002  c_p.l(rtexit2.o)
    0x00014140   0x00000004   Code   RO          847    .ARM.Collect$$rtexit$$00000003  c_p.l(rtexit2.o)
    0x00014144   0x00000006   Code   RO          848    .ARM.Collect$$rtexit$$00000004  c_p.l(rtexit2.o)
    0x0001414a   0x00000002   PAD
    0x0001414c   0x0000001e   Code   RO           69    .emb_text           main.o
    0x0001416a   0x00000002   PAD
    0x0001416c   0x0000001e   Code   RO          474    .emb_text           app_timer.o
    0x0001418a   0x00000002   PAD
    0x0001418c   0x00000038   Code   RO          733    .emb_text           c_p.l(rt_memcpy.o)
    0x000141c4   0x00000048   Code   RO            4    .text               arm_startup_nrf51.o
    0x0001420c   0x000000a8   Code   RO           12    .text               system_nrf51.o
    0x000142b4   0x00000df8   Code   RO           70    .text               main.o
    0x000150ac   0x000002a0   Code   RO          244    .text               ble_dis.o
    0x0001534c   0x00000224   Code   RO          314    .text               ble_bas.o
    0x00015570   0x00000320   Code   RO          361    .text               ble_hrs.o
    0x00015890   0x0000046c   Code   RO          413    .text               ble_advdata.o
    0x00015cfc   0x0000001e   Code   RO          439    .text               ble_srv_common.o
    0x00015d1a   0x0000004e   Code   RO          457    .text               ble_sensorsim.o
    0x00015d68   0x00000754   Code   RO          475    .text               app_timer.o
    0x000164bc   0x00000144   Code   RO          528    .text               softdevice_handler.o
    0x00016600   0x000001fc   Code   RO          589    .text               ble_conn_params.o
    0x000167fc   0x00000b50   Code   RO          628    .text               ble_bondmngr.o
    0x0001734c   0x000004a0   Code   RO          660    .text               pstorage.o
    0x000177ec   0x0000003c   Code   RO          684    .text               crc16.o
    0x00017828   0x0000005a   Code   RO          729    .text               c_p.l(memcmp.o)
    0x00017882   0x00000002   PAD
    0x00017884   0x00000044   Code   RO          731    .text               c_p.l(strlen.o)
    0x000178c8   0x00000082   Code   RO          734    .text               c_p.l(rt_memcpy.o)
    0x0001794a   0x00000096   Code   RO          737    .text               c_p.l(rt_memmove.o)
    0x000179e0   0x00000040   Code   RO          739    .text               c_p.l(rt_memclr.o)
    0x00017a20   0x0000015a   Code   RO          743    .text               c_p.l(aeabi_sdiv.o)
    0x00017b7a   0x00000006   Code   RO          747    .text               c_p.l(heapauxi.o)
    0x00017b80   0x0000003e   Code   RO          773    .text               c_p.l(sys_stackheap_outer.o)
    0x00017bbe   0x0000000c   Code   RO          776    .text               c_p.l(exit.o)
    0x00017bca   0x00000002   PAD
    0x00017bcc   0x00000008   Code   RO          788    .text               c_p.l(libspace.o)
    0x00017bd4   0x0000000c   Code   RO          843    .text               c_p.l(sys_exit.o)
    0x00017be0   0x00000002   Code   RO          862    .text               c_p.l(use_no_semi.o)
    0x00017be2   0x00000000   Code   RO          864    .text               c_p.l(indicate_semi.o)
    0x00017be2   0x00000056   Code   RO          915    .text               c_p.l(__dczerorl2.o)
    0x00017c38   0x0000006e   Data   RO           72    .constdata          main.o
    0x00017ca6   0x00000002   PAD
    0x00017ca8   0x00000020   Data   RO          913    Region$$Table       anon$$obj.o


    Execution Region RW_IRAM1 (Base: 0x20002000, Size: 0x00001cc0, Max: 0x00002000, ABSOLUTE, COMPRESSED[0x00000088])

    Base Addr    Size         Type   Attr      Idx    E Section Name        Object

    0x20002000   0x00000004   Data   RW           13    .data               system_nrf51.o
    0x20002004   0x00000148   Data   RW           73    .data               main.o
    0x2000214c   0x0000004a   Data   RW          245    .data               ble_dis.o
    0x20002196   0x00000002   PAD
    0x20002198   0x00000020   Data   RW          476    .data               app_timer.o
    0x200021b8   0x00000014   Data   RW          529    .data               softdevice_handler.o
    0x200021cc   0x00000018   Data   RW          591    .data               ble_conn_params.o
    0x200021e4   0x00000020   Data   RW          630    .data               ble_bondmngr.o
    0x20002204   0x0000000c   Data   RW          662    .data               pstorage.o
    0x20002210   0x0000038c   Zero   RW           71    .bss                main.o
    0x2000259c   0x0000001c   Zero   RW          590    .bss                ble_conn_params.o
    0x200025b8   0x0000042c   Zero   RW          629    .bss                ble_bondmngr.o
    0x200029e4   0x0000027c   Zero   RW          661    .bss                pstorage.o
    0x20002c60   0x00000060   Zero   RW          789    .bss                c_p.l(libspace.o)
    0x20002cc0   0x00000800   Zero   RW            2    HEAP                arm_startup_nrf51.o
    0x200034c0   0x00000800   Zero   RW            1    STACK               arm_startup_nrf51.o


==============================================================================

Image component sizes


      Code (inc. data)   RO Data    RW Data    ZI Data      Debug   Object Name

      1906        106          0         32          0      20281   app_timer.o
        72         32        192          0       4096        716   arm_startup_nrf51.o
      1132          6          0          0          0       6970   ble_advdata.o
       548         16          0          0          0      31055   ble_bas.o
      2896         56          0         32       1068      14055   ble_bondmngr.o
       508         18          0         24         28       6746   ble_conn_params.o
       672         64          0         74          0      32687   ble_dis.o
       800         14          0          0          0       7034   ble_hrs.o
        78          0          0          0          0       1695   ble_sensorsim.o
        30          0          0          0          0       1430   ble_srv_common.o
        60          6          0          0          0       1020   crc16.o
      3606        290        110        328        908      80749   main.o
      1184         32          0         12        636       9323   pstorage.o
       324         64          0         20          0      21092   softdevice_handler.o
       168         30          0          4          0       5929   system_nrf51.o

    ----------------------------------------------------------------------
     13988        734        336        528       6736     240782   Object Totals
         0          0         32          0          0          0   (incl. Generated)
         4          0          2          2          0          0   (incl. Padding)

    ----------------------------------------------------------------------

      Code (inc. data)   RO Data    RW Data    ZI Data      Debug   Library Member Name

        86          0          0          0          0          0   __dczerorl2.o
         8          0          0          0          0         68   __main.o
        60          8          0          0          0          0   __scatter.o
        28          0          0          0          0          0   __scatter_zi.o
       346          0          0          0          0         92   aeabi_sdiv.o
        12          0          0          0          0         64   exit.o
         6          0          0          0          0        136   heapauxi.o
         0          0          0          0          0          0   indicate_semi.o
         2          0          0          0          0          0   libinit.o
         6          0          0          0          0          0   libinit2.o
         2          0          0          0          0          0   libshutdown.o
         2          0          0          0          0          0   libshutdown2.o
         8          4          0          0         96         68   libspace.o
        90          0          0          0          0         68   memcmp.o
        64          0          0          0          0        108   rt_memclr.o
       186          0          0          0          0        144   rt_memcpy.o
       150          0          0          0          0        104   rt_memmove.o
         0          0          0          0          0          0   rtentry.o
        12          0          0          0          0          0   rtentry2.o
         6          0          0          0          0          0   rtentry4.o
         2          0          0          0          0          0   rtexit.o
        10          0          0          0          0          0   rtexit2.o
        68          6          0          0          0         72   strlen.o
        12          4          0          0          0         60   sys_exit.o
        62          0          0          0          0         80   sys_stackheap_outer.o
         2          0          0          0          0         68   use_no_semi.o

    ----------------------------------------------------------------------
      1236         22          0          0         96       1132   Library Totals
         6          0          0          0          0          0   (incl. Padding)

    ----------------------------------------------------------------------

      Code (inc. data)   RO Data    RW Data    ZI Data      Debug   Library Name

      1230         22          0          0         96       1132   c_p.l

    ----------------------------------------------------------------------
      1236         22          0          0         96       1132   Library Totals

    ----------------------------------------------------------------------

==============================================================================


      Code (inc. data)   RO Data    RW Data    ZI Data      Debug   

     15224        756        336        528       6832     240090   Grand Totals
     15224        756        336        136       6832     240090   ELF Image Totals (compressed)
     15224        756        336        136          0          0   ROM Totals

==============================================================================

    Total RO  Size (Code + RO Data)                15560 (  15.20kB)
    Total RW  Size (RW Data + ZI Data)              7360 (   7.19kB)
    Total ROM Size (Code + RO Data + RW Data)      15696 (  15.33kB)

==============================================================================

